2025-11-03 12:10:50,022 | INFO | golden_backtest | #0001 🎯 BUY @ $2687.89 | P&L: $-15.23 | Balance: $984.77 | Reason: SL Hit
2025-11-03 12:10:50,040 | INFO | golden_backtest | #0002 🎯 BUY @ $2681.11 | P&L: $-14.77 | Balance: $970.00 | Reason: SL Hit
2025-11-03 12:10:50,105 | INFO | golden_backtest | #0003 🎯 BUY @ $2680.26 | P&L: $-14.89 | Balance: $955.11 | Reason: SL Hit
2025-11-03 12:17:26,198 | INFO | mt5_trader | ✅ Connected to MT5
2025-11-03 12:17:26,198 | INFO | mt5_trader | 📊 Account: 279250789
2025-11-03 12:17:26,198 | INFO | mt5_trader | 💰 Balance: $129948.12
2025-11-03 12:17:26,199 | INFO | mt5_trader | 📈 Equity: $129948.12
2025-11-03 12:17:26,199 | INFO | mt5_trader | 🌐 Server: Exness-MT5Trial8
2025-11-03 12:17:27,868 | INFO | mt5_trader | 💡 Calculated lot size: 0.1 for risk 1.5%
2025-11-03 12:17:27,868 | ERROR | mt5_trader | Order failed: 10027 - AutoTrading disabled by client
2025-11-03 12:18:01,979 | INFO | mt5_trader | 🔌 Disconnected from MT5
2025-11-03 12:19:03,173 | INFO | mt5_trader | ✅ Connected to MT5
2025-11-03 12:19:03,173 | INFO | mt5_trader | 📊 Account: 206523111
2025-11-03 12:19:03,174 | INFO | mt5_trader | 💰 Balance: $300.00
2025-11-03 12:19:03,174 | INFO | mt5_trader | 📈 Equity: $300.00
2025-11-03 12:19:03,174 | INFO | mt5_trader | 🌐 Server: Exness-MT5Trial7
2025-11-03 12:24:13,222 | INFO | mt5_trader | ✅ Connected to MT5
2025-11-03 12:24:13,222 | INFO | mt5_trader | 📊 Account: 206523111
2025-11-03 12:24:13,222 | INFO | mt5_trader | 💰 Balance: $300.00
2025-11-03 12:24:13,222 | INFO | mt5_trader | 📈 Equity: $300.00
2025-11-03 12:24:13,222 | INFO | mt5_trader | 🌐 Server: Exness-MT5Trial7
2025-11-03 12:58:54,990 | INFO | mt5_trader | ✅ Connected to MT5
2025-11-03 12:58:54,990 | INFO | mt5_trader | 📊 Account: 206523111
2025-11-03 12:58:54,990 | INFO | mt5_trader | 💰 Balance: $300.00
2025-11-03 12:58:54,990 | INFO | mt5_trader | 📈 Equity: $300.00
2025-11-03 12:58:54,990 | INFO | mt5_trader | 🌐 Server: Exness-MT5Trial7
2025-11-03 13:06:43,782 | INFO | mt5_trader | ✅ Connected to MT5
2025-11-03 13:06:43,782 | INFO | mt5_trader | 📊 Account: 206523111
2025-11-03 13:06:43,782 | INFO | mt5_trader | 💰 Balance: $300.00
2025-11-03 13:06:43,783 | INFO | mt5_trader | 📈 Equity: $300.00
2025-11-03 13:06:43,783 | INFO | mt5_trader | 🌐 Server: Exness-MT5Trial7
2025-11-03 13:33:55,141 | INFO | mt5_trader | ✅ Connected to MT5
2025-11-03 13:33:55,141 | INFO | mt5_trader | 📊 Account: 206523111
2025-11-03 13:33:55,141 | INFO | mt5_trader | 💰 Balance: $300.00
2025-11-03 13:33:55,141 | INFO | mt5_trader | 📈 Equity: $300.00
2025-11-03 13:33:55,142 | INFO | mt5_trader | 🌐 Server: Exness-MT5Trial7
2025-11-03 13:34:00,875 | INFO | mt5_trader | 🔌 Disconnected from MT5
2025-11-03 13:34:31,632 | INFO | golden_backtest | #0001 🎯 BUY @ $2687.76 | P&L: $-15.22 | Balance: $984.78 | Reason: SL Hit
2025-11-03 13:34:31,650 | INFO | golden_backtest | #0002 🎯 BUY @ $2681.13 | P&L: $-15.02 | Balance: $969.76 | Reason: SL Hit
2025-11-03 13:34:31,711 | INFO | golden_backtest | #0003 🎯 BUY @ $2680.10 | P&L: $-14.55 | Balance: $955.20 | Reason: SL Hit
2025-11-03 13:36:54,988 | INFO | mt5_trader | ✅ Connected to MT5
2025-11-03 13:36:54,989 | INFO | mt5_trader | 📊 Account: 206523111
2025-11-03 13:36:54,989 | INFO | mt5_trader | 💰 Balance: $300.00
2025-11-03 13:36:54,989 | INFO | mt5_trader | 📈 Equity: $300.00
2025-11-03 13:36:54,989 | INFO | mt5_trader | 🌐 Server: Exness-MT5Trial7
2025-11-03 13:37:50,059 | INFO | mt5_trader | 🔌 Disconnected from MT5
2025-11-03 13:37:52,587 | INFO | mt5_trader | ✅ Connected to MT5
2025-11-03 13:37:52,587 | INFO | mt5_trader | 📊 Account: 206523111
2025-11-03 13:37:52,587 | INFO | mt5_trader | 💰 Balance: $300.00
2025-11-03 13:37:52,587 | INFO | mt5_trader | 📈 Equity: $300.00
2025-11-03 13:37:52,587 | INFO | mt5_trader | 🌐 Server: Exness-MT5Trial7
2025-11-03 13:49:34,883 | INFO | mt5_trader | 🔌 Disconnected from MT5
2025-11-03 13:58:38,159 | INFO | mt5_trader | ✅ Connected to MT5
2025-11-03 13:58:38,159 | INFO | mt5_trader | 📊 Account: 206523111
2025-11-03 13:58:38,159 | INFO | mt5_trader | 💰 Balance: $314.09
2025-11-03 13:58:38,159 | INFO | mt5_trader | 📈 Equity: $314.09
2025-11-03 13:58:38,160 | INFO | mt5_trader | 🌐 Server: Exness-MT5Trial7
2025-11-03 13:58:54,644 | INFO | mt5_trader | 🔌 Disconnected from MT5
2025-11-03 14:06:09,896 | INFO | mt5_trader | ✅ Connected to MT5
2025-11-03 14:06:09,896 | INFO | mt5_trader | 📊 Account: 206523111
2025-11-03 14:06:09,896 | INFO | mt5_trader | 💰 Balance: $314.09
2025-11-03 14:06:09,896 | INFO | mt5_trader | 📈 Equity: $314.09
2025-11-03 14:06:09,896 | INFO | mt5_trader | 🌐 Server: Exness-MT5Trial7
2025-11-03 14:06:09,899 | ERROR | mt5_trader | Order failed: 10027 - AutoTrading disabled by client
2025-11-03 14:06:12,902 | ERROR | mt5_trader | Order failed: 10027 - AutoTrading disabled by client
2025-11-03 14:06:15,905 | ERROR | mt5_trader | Order failed: 10027 - AutoTrading disabled by client
2025-11-03 14:06:17,659 | INFO | mt5_trader | 🔌 Disconnected from MT5
2025-11-03 14:07:50,408 | INFO | mt5_trader | ✅ Connected to MT5
2025-11-03 14:07:50,409 | INFO | mt5_trader | 📊 Account: 206523111
2025-11-03 14:07:50,409 | INFO | mt5_trader | 💰 Balance: $314.09
2025-11-03 14:07:50,409 | INFO | mt5_trader | 📈 Equity: $314.09
2025-11-03 14:07:50,409 | INFO | mt5_trader | 🌐 Server: Exness-MT5Trial7
2025-11-03 14:07:50,412 | ERROR | mt5_trader | Order blocked: AutoTrading disabled on the client terminal. Please enable AutoTrading in MT5.
2025-11-03 14:07:53,415 | ERROR | mt5_trader | Order blocked: AutoTrading disabled on the client terminal. Please enable AutoTrading in MT5.
2025-11-03 14:07:56,418 | ERROR | mt5_trader | Order blocked: AutoTrading disabled on the client terminal. Please enable AutoTrading in MT5.
2025-11-03 14:07:59,620 | INFO | mt5_trader | 🔌 Disconnected from MT5
2025-11-03 14:09:17,497 | INFO | mt5_trader | ✅ Connected to MT5
2025-11-03 14:09:17,498 | INFO | mt5_trader | 📊 Account: 206523111
2025-11-03 14:09:17,498 | INFO | mt5_trader | 💰 Balance: $314.09
2025-11-03 14:09:17,498 | INFO | mt5_trader | 📈 Equity: $314.09
2025-11-03 14:09:17,498 | INFO | mt5_trader | 🌐 Server: Exness-MT5Trial7
2025-11-03 14:09:17,500 | ERROR | mt5_trader | Order blocked: AutoTrading disabled on the client terminal. Please enable AutoTrading in MT5.
2025-11-03 14:09:20,509 | ERROR | mt5_trader | Order blocked: AutoTrading disabled on the client terminal. Please enable AutoTrading in MT5.
2025-11-03 14:09:23,512 | ERROR | mt5_trader | Order blocked: AutoTrading disabled on the client terminal. Please enable AutoTrading in MT5.
2025-11-03 14:09:34,024 | INFO | mt5_trader | 🔌 Disconnected from MT5
2025-11-03 14:13:31,838 | INFO | mt5_trader | ✅ Connected to MT5
2025-11-03 14:13:31,838 | INFO | mt5_trader | 📊 Account: 206523111
2025-11-03 14:13:31,838 | INFO | mt5_trader | 💰 Balance: $314.09
2025-11-03 14:13:31,838 | INFO | mt5_trader | 📈 Equity: $314.09
2025-11-03 14:13:31,838 | INFO | mt5_trader | 🌐 Server: Exness-MT5Trial7
2025-11-03 14:13:31,841 | ERROR | mt5_trader | Order blocked: AutoTrading disabled on the client terminal. Please enable AutoTrading in MT5.
2025-11-03 14:13:40,023 | INFO | mt5_trader | 🔌 Disconnected from MT5
2025-11-03 14:22:01,056 | INFO | mt5_trader | ✅ Connected to MT5
2025-11-03 14:22:01,057 | INFO | mt5_trader | 📊 Account: 206523111
2025-11-03 14:22:01,057 | INFO | mt5_trader | 💰 Balance: $314.09
2025-11-03 14:22:01,057 | INFO | mt5_trader | 📈 Equity: $314.09
2025-11-03 14:22:01,057 | INFO | mt5_trader | 🌐 Server: Exness-MT5Trial7
2025-11-03 14:22:01,222 | INFO | mt5_trader | ✅ Order sent: BUY 0.01 lots XAUUSD @ 4017.423
2025-11-03 14:22:01,222 | INFO | mt5_trader | 📋 Order ID: 2598891198
2025-11-03 14:22:01,223 | INFO | mt5_trader | 💰 SL: 4016.686, TP: 4019.486
2025-11-03 14:22:04,380 | INFO | mt5_trader | ✅ Order sent: BUY 0.01 lots XAUUSD @ 4017.978
2025-11-03 14:22:04,381 | INFO | mt5_trader | 📋 Order ID: 2598892076
2025-11-03 14:22:04,381 | INFO | mt5_trader | 💰 SL: 4017.241, TP: 4020.0409999999997
2025-11-03 14:22:07,519 | INFO | mt5_trader | ✅ Order sent: BUY 0.01 lots XAUUSD @ 4018.177
2025-11-03 14:22:07,519 | INFO | mt5_trader | 📋 Order ID: 2598892871
2025-11-03 14:22:07,520 | INFO | mt5_trader | 💰 SL: 4017.44, TP: 4020.24
2025-11-03 14:23:10,669 | INFO | mt5_trader | ✅ Order sent: BUY 0.01 lots XAUUSD @ 4015.766
2025-11-03 14:23:10,670 | INFO | mt5_trader | 📋 Order ID: 2598901061
2025-11-03 14:23:10,670 | INFO | mt5_trader | 💰 SL: 4015.029, TP: 4017.8289999999997
2025-11-03 14:23:13,817 | INFO | mt5_trader | ✅ Order sent: BUY 0.01 lots XAUUSD @ 4016.034
2025-11-03 14:23:13,817 | INFO | mt5_trader | 📋 Order ID: 2598901344
2025-11-03 14:23:13,818 | INFO | mt5_trader | 💰 SL: 4015.297, TP: 4018.0969999999998
2025-11-03 14:23:16,958 | INFO | mt5_trader | ✅ Order sent: BUY 0.01 lots XAUUSD @ 4016.025
2025-11-03 14:23:16,959 | INFO | mt5_trader | 📋 Order ID: 2598901537
2025-11-03 14:23:16,960 | INFO | mt5_trader | 💰 SL: 4015.288, TP: 4018.0879999999997
2025-11-03 14:24:20,107 | INFO | mt5_trader | ✅ Order sent: BUY 0.01 lots XAUUSD @ 4015.942
2025-11-03 14:24:20,107 | INFO | mt5_trader | 📋 Order ID: 2598908097
2025-11-03 14:24:20,107 | INFO | mt5_trader | 💰 SL: 4015.2050000000004, TP: 4018.005
2025-11-03 14:24:23,250 | INFO | mt5_trader | ✅ Order sent: BUY 0.01 lots XAUUSD @ 4015.587
2025-11-03 14:24:23,250 | INFO | mt5_trader | 📋 Order ID: 2598908349
2025-11-03 14:24:23,251 | INFO | mt5_trader | 💰 SL: 4014.8500000000004, TP: 4017.65
2025-11-03 14:25:26,398 | INFO | mt5_trader | ✅ Order sent: BUY 0.01 lots XAUUSD @ 4018.291
2025-11-03 14:25:26,399 | INFO | mt5_trader | 📋 Order ID: 2598915714
2025-11-03 14:25:26,399 | INFO | mt5_trader | 💰 SL: 4017.554, TP: 4020.354
2025-11-03 14:25:29,546 | INFO | mt5_trader | ✅ Order sent: BUY 0.01 lots XAUUSD @ 4018.246
2025-11-03 14:25:29,547 | INFO | mt5_trader | 📋 Order ID: 2598916300
2025-11-03 14:25:29,548 | INFO | mt5_trader | 💰 SL: 4017.509, TP: 4020.3089999999997
2025-11-03 14:25:32,690 | INFO | mt5_trader | ✅ Order sent: BUY 0.01 lots XAUUSD @ 4018.386
2025-11-03 14:25:32,690 | INFO | mt5_trader | 📋 Order ID: 2598916700
2025-11-03 14:25:32,690 | INFO | mt5_trader | 💰 SL: 4017.6490000000003, TP: 4020.449
2025-11-03 14:27:35,843 | INFO | mt5_trader | ✅ Order sent: BUY 0.01 lots XAUUSD @ 4018.941
2025-11-03 14:27:35,843 | INFO | mt5_trader | 📋 Order ID: 2598934480
2025-11-03 14:27:35,843 | INFO | mt5_trader | 💰 SL: 4018.204, TP: 4021.004
2025-11-03 14:27:38,982 | INFO | mt5_trader | ✅ Order sent: BUY 0.01 lots XAUUSD @ 4019.353
2025-11-03 14:27:38,982 | INFO | mt5_trader | 📋 Order ID: 2598934973
2025-11-03 14:27:38,983 | INFO | mt5_trader | 💰 SL: 4018.616, TP: 4021.4159999999997
2025-11-03 14:27:42,122 | INFO | mt5_trader | ✅ Order sent: BUY 0.01 lots XAUUSD @ 4018.799
2025-11-03 14:27:42,122 | INFO | mt5_trader | 📋 Order ID: 2598935305
2025-11-03 14:27:42,122 | INFO | mt5_trader | 💰 SL: 4018.0620000000004, TP: 4020.862
2025-11-03 14:30:45,276 | INFO | mt5_trader | ✅ Order sent: BUY 0.01 lots XAUUSD @ 4019.559
2025-11-03 14:30:45,277 | INFO | mt5_trader | 📋 Order ID: 2598955645
2025-11-03 14:30:45,278 | INFO | mt5_trader | 💰 SL: 4018.822, TP: 4021.622
2025-11-03 14:31:48,425 | INFO | mt5_trader | ✅ Order sent: BUY 0.01 lots XAUUSD @ 4017.395
2025-11-03 14:31:48,425 | INFO | mt5_trader | 📋 Order ID: 2598963413
2025-11-03 14:31:48,425 | INFO | mt5_trader | 💰 SL: 4016.6580000000004, TP: 4019.458
2025-11-03 14:31:51,581 | INFO | mt5_trader | ✅ Order sent: BUY 0.01 lots XAUUSD @ 4017.385
2025-11-03 14:31:51,581 | INFO | mt5_trader | 📋 Order ID: 2598963805
2025-11-03 14:31:51,582 | INFO | mt5_trader | 💰 SL: 4016.648, TP: 4019.448
2025-11-03 14:31:54,724 | INFO | mt5_trader | ✅ Order sent: BUY 0.01 lots XAUUSD @ 4017.269
2025-11-03 14:31:54,724 | INFO | mt5_trader | 📋 Order ID: 2598964036
2025-11-03 14:31:54,725 | INFO | mt5_trader | 💰 SL: 4016.532, TP: 4019.332
2025-11-03 14:32:57,870 | INFO | mt5_trader | ✅ Order sent: BUY 0.01 lots XAUUSD @ 4017.02
2025-11-03 14:32:57,870 | INFO | mt5_trader | 📋 Order ID: 2598970643
2025-11-03 14:32:57,870 | INFO | mt5_trader | 💰 SL: 4016.2830000000004, TP: 4019.083
2025-11-03 14:33:01,021 | INFO | mt5_trader | ✅ Order sent: BUY 0.01 lots XAUUSD @ 4016.554
2025-11-03 14:33:01,021 | INFO | mt5_trader | 📋 Order ID: 2598971010
2025-11-03 14:33:01,021 | INFO | mt5_trader | 💰 SL: 4015.817, TP: 4018.6169999999997
2025-11-03 14:33:04,167 | INFO | mt5_trader | ✅ Order sent: BUY 0.01 lots XAUUSD @ 4016.202
2025-11-03 14:33:04,168 | INFO | mt5_trader | 📋 Order ID: 2598971540
2025-11-03 14:33:04,168 | INFO | mt5_trader | 💰 SL: 4015.465, TP: 4018.265
2025-11-03 14:33:07,312 | INFO | mt5_trader | ✅ Order sent: BUY 0.01 lots XAUUSD @ 4016.261
2025-11-03 14:33:07,313 | INFO | mt5_trader | 📋 Order ID: 2598971816
2025-11-03 14:33:07,314 | INFO | mt5_trader | 💰 SL: 4015.5240000000003, TP: 4018.324
2025-11-03 14:35:10,472 | INFO | mt5_trader | ✅ Order sent: BUY 0.01 lots XAUUSD @ 4018.561
2025-11-03 14:35:10,472 | INFO | mt5_trader | 📋 Order ID: 2598983451
2025-11-03 14:35:10,472 | INFO | mt5_trader | 💰 SL: 4017.824, TP: 4020.624
2025-11-03 14:35:13,631 | INFO | mt5_trader | ✅ Order sent: BUY 0.01 lots XAUUSD @ 4018.67
2025-11-03 14:35:13,631 | INFO | mt5_trader | 📋 Order ID: 2598983746
2025-11-03 14:35:13,631 | INFO | mt5_trader | 💰 SL: 4017.933, TP: 4020.7329999999997
2025-11-03 14:35:16,796 | INFO | mt5_trader | ✅ Order sent: BUY 0.01 lots XAUUSD @ 4018.607
2025-11-03 14:35:16,797 | INFO | mt5_trader | 📋 Order ID: 2598984009
2025-11-03 14:35:16,797 | INFO | mt5_trader | 💰 SL: 4017.8700000000003, TP: 4020.67
2025-11-03 14:35:19,951 | INFO | mt5_trader | ✅ Order sent: BUY 0.01 lots XAUUSD @ 4017.794
2025-11-03 14:35:19,952 | INFO | mt5_trader | 📋 Order ID: 2598984352
2025-11-03 14:35:19,952 | INFO | mt5_trader | 💰 SL: 4017.0570000000002, TP: 4019.857
2025-11-03 14:35:23,096 | INFO | mt5_trader | ✅ Order sent: BUY 0.01 lots XAUUSD @ 4017.764
2025-11-03 14:35:23,097 | INFO | mt5_trader | 📋 Order ID: 2598984651
2025-11-03 14:35:23,097 | INFO | mt5_trader | 💰 SL: 4017.027, TP: 4019.8269999999998
2025-11-03 14:35:26,242 | INFO | mt5_trader | ✅ Order sent: BUY 0.01 lots XAUUSD @ 4017.811
2025-11-03 14:35:26,242 | INFO | mt5_trader | 📋 Order ID: 2598984936
2025-11-03 14:35:26,243 | INFO | mt5_trader | 💰 SL: 4017.074, TP: 4019.874
2025-11-03 14:36:29,391 | INFO | mt5_trader | ✅ Order sent: BUY 0.01 lots XAUUSD @ 4020.963
2025-11-03 14:36:29,392 | INFO | mt5_trader | 📋 Order ID: 2598993314
2025-11-03 14:36:29,392 | INFO | mt5_trader | 💰 SL: 4020.226, TP: 4023.026
2025-11-03 14:36:32,538 | INFO | mt5_trader | ✅ Order sent: BUY 0.01 lots XAUUSD @ 4021.839
2025-11-03 14:36:32,538 | INFO | mt5_trader | 📋 Order ID: 2598994281
2025-11-03 14:36:32,539 | INFO | mt5_trader | 💰 SL: 4021.0710000000004, TP: 4023.871
2025-11-03 14:36:35,695 | INFO | mt5_trader | ✅ Order sent: BUY 0.01 lots XAUUSD @ 4021.413
2025-11-03 14:36:35,695 | INFO | mt5_trader | 📋 Order ID: 2598994910
2025-11-03 14:36:35,695 | INFO | mt5_trader | 💰 SL: 4020.6760000000004, TP: 4023.476
2025-11-03 14:37:38,843 | INFO | mt5_trader | ✅ Order sent: BUY 0.01 lots XAUUSD @ 4022.891
2025-11-03 14:37:38,843 | INFO | mt5_trader | 📋 Order ID: 2599004497
2025-11-03 14:37:38,843 | INFO | mt5_trader | 💰 SL: 4022.154, TP: 4024.9539999999997
2025-11-03 14:37:41,983 | INFO | mt5_trader | ✅ Order sent: BUY 0.01 lots XAUUSD @ 4022.804
2025-11-03 14:37:41,983 | INFO | mt5_trader | 📋 Order ID: 2599004867
2025-11-03 14:37:41,983 | INFO | mt5_trader | 💰 SL: 4022.067, TP: 4024.8669999999997
2025-11-03 14:38:45,133 | INFO | mt5_trader | ✅ Order sent: BUY 0.01 lots XAUUSD @ 4020.6
2025-11-03 14:38:45,133 | INFO | mt5_trader | 📋 Order ID: 2599012939
2025-11-03 14:38:45,134 | INFO | mt5_trader | 💰 SL: 4019.8630000000003, TP: 4022.663
2025-11-03 14:38:48,280 | INFO | mt5_trader | ✅ Order sent: BUY 0.01 lots XAUUSD @ 4020.826
2025-11-03 14:38:48,281 | INFO | mt5_trader | 📋 Order ID: 2599013250
2025-11-03 14:38:48,281 | INFO | mt5_trader | 💰 SL: 4020.0890000000004, TP: 4022.889
2025-11-03 14:38:51,436 | INFO | mt5_trader | ✅ Order sent: BUY 0.01 lots XAUUSD @ 4020.885
2025-11-03 14:38:51,436 | INFO | mt5_trader | 📋 Order ID: 2599013527
2025-11-03 14:38:51,437 | INFO | mt5_trader | 💰 SL: 4020.148, TP: 4022.948
2025-11-03 14:39:54,594 | INFO | mt5_trader | ✅ Order sent: BUY 0.01 lots XAUUSD @ 4021.179
2025-11-03 14:39:54,595 | INFO | mt5_trader | 📋 Order ID: 2599019891
2025-11-03 14:39:54,596 | INFO | mt5_trader | 💰 SL: 4020.442, TP: 4023.2419999999997
2025-11-03 14:39:57,747 | INFO | mt5_trader | ✅ Order sent: BUY 0.01 lots XAUUSD @ 4021.103
2025-11-03 14:39:57,747 | INFO | mt5_trader | 📋 Order ID: 2599020217
2025-11-03 14:39:57,747 | INFO | mt5_trader | 💰 SL: 4020.366, TP: 4023.1659999999997
2025-11-03 14:41:00,897 | INFO | mt5_trader | ✅ Order sent: BUY 0.01 lots XAUUSD @ 4022.234
2025-11-03 14:41:00,898 | INFO | mt5_trader | 📋 Order ID: 2599026901
2025-11-03 14:41:00,898 | INFO | mt5_trader | 💰 SL: 4021.4970000000003, TP: 4024.297
2025-11-03 14:42:04,061 | INFO | mt5_trader | ✅ Order sent: BUY 0.01 lots XAUUSD @ 4022.317
2025-11-03 14:42:04,061 | INFO | mt5_trader | 📋 Order ID: 2599033791
2025-11-03 14:42:04,061 | INFO | mt5_trader | 💰 SL: 4021.5800000000004, TP: 4024.38
2025-11-03 14:42:07,206 | INFO | mt5_trader | ✅ Order sent: BUY 0.01 lots XAUUSD @ 4022.234
2025-11-03 14:42:07,206 | INFO | mt5_trader | 📋 Order ID: 2599034116
2025-11-03 14:42:07,206 | INFO | mt5_trader | 💰 SL: 4021.4970000000003, TP: 4024.297
2025-11-03 14:43:10,353 | INFO | mt5_trader | ✅ Order sent: BUY 0.01 lots XAUUSD @ 4020.997
2025-11-03 14:43:10,353 | INFO | mt5_trader | 📋 Order ID: 2599041047
2025-11-03 14:43:10,353 | INFO | mt5_trader | 💰 SL: 4020.26, TP: 4023.06
2025-11-03 14:43:13,499 | INFO | mt5_trader | ✅ Order sent: BUY 0.01 lots XAUUSD @ 4021.285
2025-11-03 14:43:13,499 | INFO | mt5_trader | 📋 Order ID: 2599041347
2025-11-03 14:43:13,499 | INFO | mt5_trader | 💰 SL: 4020.5480000000002, TP: 4023.348
2025-11-03 14:43:16,640 | INFO | mt5_trader | ✅ Order sent: BUY 0.01 lots XAUUSD @ 4021.077
2025-11-03 14:43:16,640 | INFO | mt5_trader | 📋 Order ID: 2599041697
2025-11-03 14:43:16,640 | INFO | mt5_trader | 💰 SL: 4020.34, TP: 4023.14
2025-11-03 14:46:19,800 | INFO | mt5_trader | ✅ Order sent: BUY 0.01 lots XAUUSD @ 4021.359
2025-11-03 14:46:19,801 | INFO | mt5_trader | 📋 Order ID: 2599059130
2025-11-03 14:46:19,802 | INFO | mt5_trader | 💰 SL: 4020.6220000000003, TP: 4023.422
2025-11-03 14:46:22,941 | INFO | mt5_trader | ✅ Order sent: BUY 0.01 lots XAUUSD @ 4021.595
2025-11-03 14:46:22,941 | INFO | mt5_trader | 📋 Order ID: 2599059457
2025-11-03 14:46:22,941 | INFO | mt5_trader | 💰 SL: 4020.858, TP: 4023.658
2025-11-03 14:46:26,077 | INFO | mt5_trader | ✅ Order sent: BUY 0.01 lots XAUUSD @ 4021.528
2025-11-03 14:46:26,077 | INFO | mt5_trader | 📋 Order ID: 2599059643
2025-11-03 14:46:26,077 | INFO | mt5_trader | 💰 SL: 4020.791, TP: 4023.591
2025-11-03 14:48:29,222 | INFO | mt5_trader | ✅ Order sent: BUY 0.01 lots XAUUSD @ 4022.38
2025-11-03 14:48:29,222 | INFO | mt5_trader | 📋 Order ID: 2599074081
2025-11-03 14:48:29,222 | INFO | mt5_trader | 💰 SL: 4021.643, TP: 4024.4429999999998
2025-11-03 14:49:32,366 | INFO | mt5_trader | ✅ Order sent: BUY 0.01 lots XAUUSD @ 4022.408
2025-11-03 14:49:32,367 | INFO | mt5_trader | 📋 Order ID: 2599080543
2025-11-03 14:49:32,367 | INFO | mt5_trader | 💰 SL: 4021.6710000000003, TP: 4024.471
2025-11-03 14:51:35,518 | INFO | mt5_trader | ✅ Order sent: BUY 0.01 lots XAUUSD @ 4024.74
2025-11-03 14:51:35,518 | INFO | mt5_trader | 📋 Order ID: 2599108129
2025-11-03 14:51:35,519 | INFO | mt5_trader | 💰 SL: 4024.003, TP: 4026.803
2025-11-03 14:51:38,657 | INFO | mt5_trader | ✅ Order sent: BUY 0.01 lots XAUUSD @ 4024.957
2025-11-03 14:51:38,657 | INFO | mt5_trader | 📋 Order ID: 2599108424
2025-11-03 14:51:38,657 | INFO | mt5_trader | 💰 SL: 4024.2200000000003, TP: 4027.02
2025-11-03 14:51:39,982 | INFO | mt5_trader | 🔌 Disconnected from MT5
2025-11-03 14:58:04,474 | INFO | mt5_trader | ✅ Connected to MT5
2025-11-03 14:58:04,474 | INFO | mt5_trader | 📊 Account: 206523111
2025-11-03 14:58:04,474 | INFO | mt5_trader | 💰 Balance: $386.54
2025-11-03 14:58:04,474 | INFO | mt5_trader | 📈 Equity: $386.54
2025-11-03 14:58:04,474 | INFO | mt5_trader | 🌐 Server: Exness-MT5Trial7
2025-11-03 14:58:33,813 | INFO | mt5_trader | 🔌 Disconnected from MT5
2025-11-03 15:07:35,268 | INFO | mt5_trader | ✅ Connected to MT5
2025-11-03 15:07:35,268 | INFO | mt5_trader | 📊 Account: 206523111
2025-11-03 15:07:35,269 | INFO | mt5_trader | 💰 Balance: $386.54
2025-11-03 15:07:35,269 | INFO | mt5_trader | 📈 Equity: $386.54
2025-11-03 15:07:35,269 | INFO | mt5_trader | 🌐 Server: Exness-MT5Trial7
2025-11-03 15:07:35,280 | INFO | mt5_trader | No valid strategy signal at 2025-11-03 08:05:00 (M1=NONE, M5=BUY)
2025-11-03 15:07:36,290 | INFO | mt5_trader | No valid strategy signal at 2025-11-03 08:05:00 (M1=NONE, M5=BUY)
2025-11-03 15:07:37,304 | INFO | mt5_trader | No valid strategy signal at 2025-11-03 08:05:00 (M1=NONE, M5=BUY)
2025-11-03 15:07:38,314 | INFO | mt5_trader | No valid strategy signal at 2025-11-03 08:05:00 (M1=NONE, M5=BUY)
2025-11-03 15:07:39,328 | INFO | mt5_trader | No valid strategy signal at 2025-11-03 08:05:00 (M1=NONE, M5=NONE)
2025-11-03 15:07:40,349 | INFO | mt5_trader | No valid strategy signal at 2025-11-03 08:05:00 (M1=NONE, M5=BUY)
2025-11-03 15:07:41,363 | INFO | mt5_trader | No valid strategy signal at 2025-11-03 08:05:00 (M1=NONE, M5=BUY)
2025-11-03 15:07:42,373 | INFO | mt5_trader | No valid strategy signal at 2025-11-03 08:05:00 (M1=NONE, M5=BUY)
2025-11-03 15:07:43,382 | INFO | mt5_trader | No valid strategy signal at 2025-11-03 08:05:00 (M1=NONE, M5=BUY)
2025-11-03 15:07:44,392 | INFO | mt5_trader | No valid strategy signal at 2025-11-03 08:05:00 (M1=NONE, M5=BUY)
2025-11-03 15:07:45,404 | INFO | mt5_trader | No valid strategy signal at 2025-11-03 08:05:00 (M1=NONE, M5=BUY)
2025-11-03 15:07:46,417 | INFO | mt5_trader | No valid strategy signal at 2025-11-03 08:05:00 (M1=NONE, M5=BUY)
2025-11-03 15:07:47,427 | INFO | mt5_trader | No valid strategy signal at 2025-11-03 08:05:00 (M1=NONE, M5=BUY)
2025-11-03 15:07:48,438 | INFO | mt5_trader | No valid strategy signal at 2025-11-03 08:05:00 (M1=NONE, M5=BUY)
2025-11-03 15:07:49,453 | INFO | mt5_trader | No valid strategy signal at 2025-11-03 08:05:00 (M1=NONE, M5=BUY)
2025-11-03 15:07:50,467 | INFO | mt5_trader | No valid strategy signal at 2025-11-03 08:05:00 (M1=NONE, M5=BUY)
2025-11-03 15:07:51,481 | INFO | mt5_trader | No valid strategy signal at 2025-11-03 08:05:00 (M1=NONE, M5=BUY)
2025-11-03 15:07:52,490 | INFO | mt5_trader | No valid strategy signal at 2025-11-03 08:05:00 (M1=NONE, M5=BUY)
2025-11-03 15:07:53,501 | INFO | mt5_trader | No valid strategy signal at 2025-11-03 08:05:00 (M1=NONE, M5=BUY)
2025-11-03 15:07:54,515 | INFO | mt5_trader | No valid strategy signal at 2025-11-03 08:05:00 (M1=NONE, M5=BUY)
2025-11-03 15:07:55,527 | INFO | mt5_trader | No valid strategy signal at 2025-11-03 08:05:00 (M1=NONE, M5=BUY)
2025-11-03 15:07:56,541 | INFO | mt5_trader | No valid strategy signal at 2025-11-03 08:05:00 (M1=NONE, M5=BUY)
2025-11-03 15:07:57,555 | INFO | mt5_trader | No valid strategy signal at 2025-11-03 08:05:00 (M1=NONE, M5=BUY)
2025-11-03 15:07:58,570 | INFO | mt5_trader | No valid strategy signal at 2025-11-03 08:05:00 (M1=NONE, M5=BUY)
2025-11-03 15:07:59,600 | INFO | mt5_trader | No valid strategy signal at 2025-11-03 08:05:00 (M1=NONE, M5=BUY)
2025-11-03 15:08:00,615 | INFO | mt5_trader | No valid strategy signal at 2025-11-03 08:05:00 (M1=NONE, M5=BUY)
2025-11-03 15:08:01,657 | INFO | mt5_trader | No valid strategy signal at 2025-11-03 08:05:00 (M1=NONE, M5=BUY)
2025-11-03 15:08:02,669 | INFO | mt5_trader | No valid strategy signal at 2025-11-03 08:05:00 (M1=NONE, M5=BUY)
2025-11-03 15:08:03,679 | INFO | mt5_trader | No valid strategy signal at 2025-11-03 08:05:00 (M1=NONE, M5=BUY)
2025-11-03 15:08:04,689 | INFO | mt5_trader | No valid strategy signal at 2025-11-03 08:05:00 (M1=NONE, M5=BUY)
2025-11-03 15:08:05,699 | INFO | mt5_trader | No valid strategy signal at 2025-11-03 08:05:00 (M1=NONE, M5=BUY)
2025-11-03 15:08:06,713 | INFO | mt5_trader | No valid strategy signal at 2025-11-03 08:05:00 (M1=NONE, M5=BUY)
2025-11-03 15:08:07,723 | INFO | mt5_trader | No valid strategy signal at 2025-11-03 08:05:00 (M1=NONE, M5=BUY)
2025-11-03 15:08:08,738 | INFO | mt5_trader | No valid strategy signal at 2025-11-03 08:05:00 (M1=NONE, M5=BUY)
2025-11-03 15:08:09,748 | INFO | mt5_trader | No valid strategy signal at 2025-11-03 08:05:00 (M1=NONE, M5=BUY)
2025-11-03 15:08:10,764 | INFO | mt5_trader | No valid strategy signal at 2025-11-03 08:05:00 (M1=NONE, M5=BUY)
2025-11-03 15:08:11,794 | INFO | mt5_trader | No valid strategy signal at 2025-11-03 08:05:00 (M1=NONE, M5=BUY)
2025-11-03 15:08:12,804 | INFO | mt5_trader | No valid strategy signal at 2025-11-03 08:05:00 (M1=NONE, M5=BUY)
2025-11-03 15:08:13,818 | INFO | mt5_trader | No valid strategy signal at 2025-11-03 08:05:00 (M1=NONE, M5=NONE)
2025-11-03 15:08:14,832 | INFO | mt5_trader | No valid strategy signal at 2025-11-03 08:05:00 (M1=NONE, M5=NONE)
2025-11-03 15:08:15,846 | INFO | mt5_trader | No valid strategy signal at 2025-11-03 08:05:00 (M1=NONE, M5=NONE)
2025-11-03 15:08:16,861 | INFO | mt5_trader | No valid strategy signal at 2025-11-03 08:05:00 (M1=NONE, M5=BUY)
2025-11-03 15:08:17,882 | INFO | mt5_trader | No valid strategy signal at 2025-11-03 08:05:00 (M1=NONE, M5=NONE)
2025-11-03 15:08:18,893 | INFO | mt5_trader | No valid strategy signal at 2025-11-03 08:05:00 (M1=NONE, M5=BUY)
2025-11-03 15:08:19,903 | INFO | mt5_trader | No valid strategy signal at 2025-11-03 08:05:00 (M1=NONE, M5=BUY)
2025-11-03 15:08:20,912 | INFO | mt5_trader | No valid strategy signal at 2025-11-03 08:05:00 (M1=NONE, M5=BUY)
2025-11-03 15:08:21,922 | INFO | mt5_trader | No valid strategy signal at 2025-11-03 08:05:00 (M1=NONE, M5=BUY)
2025-11-03 15:08:22,933 | INFO | mt5_trader | No valid strategy signal at 2025-11-03 08:05:00 (M1=NONE, M5=BUY)
2025-11-03 15:08:23,943 | INFO | mt5_trader | No valid strategy signal at 2025-11-03 08:05:00 (M1=NONE, M5=BUY)
2025-11-03 15:08:24,954 | INFO | mt5_trader | No valid strategy signal at 2025-11-03 08:05:00 (M1=NONE, M5=BUY)
2025-11-03 15:08:25,971 | INFO | mt5_trader | No valid strategy signal at 2025-11-03 08:05:00 (M1=NONE, M5=BUY)
2025-11-03 15:08:26,997 | INFO | mt5_trader | No valid strategy signal at 2025-11-03 08:05:00 (M1=NONE, M5=BUY)
2025-11-03 15:08:28,007 | INFO | mt5_trader | No valid strategy signal at 2025-11-03 08:05:00 (M1=NONE, M5=BUY)
2025-11-03 15:08:29,017 | INFO | mt5_trader | No valid strategy signal at 2025-11-03 08:05:00 (M1=NONE, M5=BUY)
2025-11-03 15:08:30,031 | INFO | mt5_trader | No valid strategy signal at 2025-11-03 08:05:00 (M1=NONE, M5=BUY)
2025-11-03 15:08:31,043 | INFO | mt5_trader | No valid strategy signal at 2025-11-03 08:05:00 (M1=NONE, M5=NONE)
2025-11-03 15:08:32,072 | INFO | mt5_trader | No valid strategy signal at 2025-11-03 08:05:00 (M1=NONE, M5=NONE)
2025-11-03 15:08:33,087 | INFO | mt5_trader | No valid strategy signal at 2025-11-03 08:05:00 (M1=NONE, M5=NONE)
2025-11-03 15:08:34,101 | INFO | mt5_trader | No valid strategy signal at 2025-11-03 08:05:00 (M1=NONE, M5=BUY)
2025-11-03 15:08:35,115 | INFO | mt5_trader | No valid strategy signal at 2025-11-03 08:05:00 (M1=NONE, M5=BUY)
2025-11-03 15:08:36,124 | INFO | mt5_trader | No valid strategy signal at 2025-11-03 08:05:00 (M1=NONE, M5=BUY)
2025-11-03 15:08:37,137 | INFO | mt5_trader | No valid strategy signal at 2025-11-03 08:05:00 (M1=NONE, M5=BUY)
2025-11-03 15:08:38,146 | INFO | mt5_trader | No valid strategy signal at 2025-11-03 08:05:00 (M1=NONE, M5=BUY)
2025-11-03 15:08:39,156 | INFO | mt5_trader | No valid strategy signal at 2025-11-03 08:05:00 (M1=NONE, M5=BUY)
2025-11-03 15:08:40,166 | INFO | mt5_trader | No valid strategy signal at 2025-11-03 08:05:00 (M1=NONE, M5=BUY)
2025-11-03 15:08:41,182 | INFO | mt5_trader | No valid strategy signal at 2025-11-03 08:05:00 (M1=NONE, M5=BUY)
2025-11-03 15:08:42,190 | INFO | mt5_trader | No valid strategy signal at 2025-11-03 08:05:00 (M1=NONE, M5=BUY)
2025-11-03 15:08:43,200 | INFO | mt5_trader | No valid strategy signal at 2025-11-03 08:05:00 (M1=NONE, M5=BUY)
2025-11-03 15:08:44,210 | INFO | mt5_trader | No valid strategy signal at 2025-11-03 08:05:00 (M1=NONE, M5=BUY)
2025-11-03 15:08:45,221 | INFO | mt5_trader | No valid strategy signal at 2025-11-03 08:05:00 (M1=NONE, M5=BUY)
2025-11-03 15:08:46,094 | INFO | mt5_trader | 🔌 Disconnected from MT5
2025-11-03 15:15:49,155 | INFO | mt5_trader | ✅ Connected to MT5
2025-11-03 15:15:49,155 | INFO | mt5_trader | 📊 Account: 206523111
2025-11-03 15:15:49,155 | INFO | mt5_trader | 💰 Balance: $386.54
2025-11-03 15:15:49,155 | INFO | mt5_trader | 📈 Equity: $386.54
2025-11-03 15:15:49,156 | INFO | mt5_trader | 🌐 Server: Exness-MT5Trial7
2025-11-03 15:15:49,163 | INFO | mt5_trader | No valid strategy signal at 2025-11-03 08:15:00 (M5=NONE)
2025-11-03 15:15:50,170 | INFO | mt5_trader | No valid strategy signal at 2025-11-03 08:15:00 (M5=NONE)
2025-11-03 15:15:51,192 | INFO | mt5_trader | No valid strategy signal at 2025-11-03 08:15:00 (M5=NONE)
2025-11-03 15:15:52,198 | INFO | mt5_trader | No valid strategy signal at 2025-11-03 08:15:00 (M5=NONE)
2025-11-03 15:15:53,206 | INFO | mt5_trader | No valid strategy signal at 2025-11-03 08:15:00 (M5=NONE)
2025-11-03 15:15:54,217 | INFO | mt5_trader | No valid strategy signal at 2025-11-03 08:15:00 (M5=NONE)
2025-11-03 15:15:55,222 | INFO | mt5_trader | No valid strategy signal at 2025-11-03 08:15:00 (M5=NONE)
2025-11-03 15:15:56,231 | INFO | mt5_trader | No valid strategy signal at 2025-11-03 08:15:00 (M5=NONE)
2025-11-03 15:15:57,237 | INFO | mt5_trader | No valid strategy signal at 2025-11-03 08:15:00 (M5=NONE)
2025-11-03 15:15:58,244 | INFO | mt5_trader | No valid strategy signal at 2025-11-03 08:15:00 (M5=NONE)
2025-11-03 15:15:59,251 | INFO | mt5_trader | No valid strategy signal at 2025-11-03 08:15:00 (M5=NONE)
2025-11-03 15:16:00,257 | INFO | mt5_trader | No valid strategy signal at 2025-11-03 08:15:00 (M5=NONE)
2025-11-03 15:16:01,263 | INFO | mt5_trader | No valid strategy signal at 2025-11-03 08:15:00 (M5=NONE)
2025-11-03 15:16:02,274 | INFO | mt5_trader | No valid strategy signal at 2025-11-03 08:15:00 (M5=NONE)
2025-11-03 15:16:03,281 | INFO | mt5_trader | No valid strategy signal at 2025-11-03 08:15:00 (M5=NONE)
2025-11-03 15:16:04,291 | INFO | mt5_trader | No valid strategy signal at 2025-11-03 08:15:00 (M5=NONE)
2025-11-03 15:16:05,298 | INFO | mt5_trader | No valid strategy signal at 2025-11-03 08:15:00 (M5=NONE)
2025-11-03 15:16:06,305 | INFO | mt5_trader | No valid strategy signal at 2025-11-03 08:15:00 (M5=NONE)
2025-11-03 15:16:07,311 | INFO | mt5_trader | No valid strategy signal at 2025-11-03 08:15:00 (M5=NONE)
2025-11-03 15:16:08,322 | INFO | mt5_trader | No valid strategy signal at 2025-11-03 08:15:00 (M5=NONE)
2025-11-03 15:16:09,329 | INFO | mt5_trader | No valid strategy signal at 2025-11-03 08:15:00 (M5=NONE)
2025-11-03 15:16:10,351 | INFO | mt5_trader | No valid strategy signal at 2025-11-03 08:15:00 (M5=NONE)
2025-11-03 15:16:11,374 | INFO | mt5_trader | No valid strategy signal at 2025-11-03 08:15:00 (M5=NONE)
2025-11-03 15:16:12,381 | INFO | mt5_trader | No valid strategy signal at 2025-11-03 08:15:00 (M5=NONE)
2025-11-03 15:16:13,387 | INFO | mt5_trader | No valid strategy signal at 2025-11-03 08:15:00 (M5=NONE)
2025-11-03 15:16:14,410 | INFO | mt5_trader | No valid strategy signal at 2025-11-03 08:15:00 (M5=NONE)
2025-11-03 15:16:15,417 | INFO | mt5_trader | No valid strategy signal at 2025-11-03 08:15:00 (M5=NONE)
2025-11-03 15:16:16,423 | INFO | mt5_trader | No valid strategy signal at 2025-11-03 08:15:00 (M5=NONE)
2025-11-03 15:16:17,434 | INFO | mt5_trader | No valid strategy signal at 2025-11-03 08:15:00 (M5=NONE)
2025-11-03 15:16:18,440 | INFO | mt5_trader | No valid strategy signal at 2025-11-03 08:15:00 (M5=NONE)
2025-11-03 15:16:19,447 | INFO | mt5_trader | No valid strategy signal at 2025-11-03 08:15:00 (M5=NONE)
2025-11-03 15:16:20,468 | INFO | mt5_trader | No valid strategy signal at 2025-11-03 08:15:00 (M5=NONE)
2025-11-03 15:16:21,480 | INFO | mt5_trader | No valid strategy signal at 2025-11-03 08:15:00 (M5=NONE)
2025-11-03 15:16:22,487 | INFO | mt5_trader | No valid strategy signal at 2025-11-03 08:15:00 (M5=NONE)
2025-11-03 15:16:23,492 | INFO | mt5_trader | No valid strategy signal at 2025-11-03 08:15:00 (M5=NONE)
2025-11-03 15:16:24,514 | INFO | mt5_trader | No valid strategy signal at 2025-11-03 08:15:00 (M5=NONE)
2025-11-03 15:16:25,520 | INFO | mt5_trader | No valid strategy signal at 2025-11-03 08:15:00 (M5=NONE)
2025-11-03 15:16:26,538 | INFO | mt5_trader | No valid strategy signal at 2025-11-03 08:15:00 (M5=NONE)
2025-11-03 15:16:27,549 | INFO | mt5_trader | No valid strategy signal at 2025-11-03 08:15:00 (M5=NONE)
2025-11-03 15:16:28,566 | INFO | mt5_trader | No valid strategy signal at 2025-11-03 08:15:00 (M5=NONE)
2025-11-03 15:16:29,577 | INFO | mt5_trader | No valid strategy signal at 2025-11-03 08:15:00 (M5=NONE)
2025-11-03 15:16:30,590 | INFO | mt5_trader | No valid strategy signal at 2025-11-03 08:15:00 (M5=NONE)
2025-11-03 15:16:31,607 | INFO | mt5_trader | No valid strategy signal at 2025-11-03 08:15:00 (M5=NONE)
2025-11-03 15:16:32,614 | INFO | mt5_trader | No valid strategy signal at 2025-11-03 08:15:00 (M5=NONE)
2025-11-03 15:16:33,636 | INFO | mt5_trader | No valid strategy signal at 2025-11-03 08:15:00 (M5=NONE)
2025-11-03 15:16:34,650 | INFO | mt5_trader | No valid strategy signal at 2025-11-03 08:15:00 (M5=NONE)
2025-11-03 15:16:35,672 | INFO | mt5_trader | No valid strategy signal at 2025-11-03 08:15:00 (M5=NONE)
2025-11-03 15:16:36,694 | INFO | mt5_trader | No valid strategy signal at 2025-11-03 08:15:00 (M5=NONE)
2025-11-03 15:16:37,705 | INFO | mt5_trader | No valid strategy signal at 2025-11-03 08:15:00 (M5=NONE)
2025-11-03 15:16:38,727 | INFO | mt5_trader | No valid strategy signal at 2025-11-03 08:15:00 (M5=NONE)
2025-11-03 15:16:39,733 | INFO | mt5_trader | No valid strategy signal at 2025-11-03 08:15:00 (M5=NONE)
2025-11-03 15:16:40,754 | INFO | mt5_trader | No valid strategy signal at 2025-11-03 08:15:00 (M5=NONE)
2025-11-03 15:16:41,769 | INFO | mt5_trader | No valid strategy signal at 2025-11-03 08:15:00 (M5=NONE)
2025-11-03 15:16:42,775 | INFO | mt5_trader | No valid strategy signal at 2025-11-03 08:15:00 (M5=NONE)
2025-11-03 15:16:43,785 | INFO | mt5_trader | No valid strategy signal at 2025-11-03 08:15:00 (M5=NONE)
2025-11-03 15:16:44,797 | INFO | mt5_trader | No valid strategy signal at 2025-11-03 08:15:00 (M5=NONE)
2025-11-03 15:16:45,805 | INFO | mt5_trader | No valid strategy signal at 2025-11-03 08:15:00 (M5=NONE)
2025-11-03 15:16:46,812 | INFO | mt5_trader | No valid strategy signal at 2025-11-03 08:15:00 (M5=NONE)
2025-11-03 15:16:47,823 | INFO | mt5_trader | No valid strategy signal at 2025-11-03 08:15:00 (M5=NONE)
2025-11-03 15:16:48,839 | INFO | mt5_trader | No valid strategy signal at 2025-11-03 08:15:00 (M5=NONE)
2025-11-03 15:16:49,849 | INFO | mt5_trader | No valid strategy signal at 2025-11-03 08:15:00 (M5=NONE)
2025-11-03 15:16:50,866 | INFO | mt5_trader | No valid strategy signal at 2025-11-03 08:15:00 (M5=NONE)
2025-11-03 15:16:51,878 | INFO | mt5_trader | No valid strategy signal at 2025-11-03 08:15:00 (M5=NONE)
2025-11-03 15:16:52,888 | INFO | mt5_trader | No valid strategy signal at 2025-11-03 08:15:00 (M5=NONE)
2025-11-03 15:16:53,898 | INFO | mt5_trader | No valid strategy signal at 2025-11-03 08:15:00 (M5=NONE)
2025-11-03 15:16:54,914 | INFO | mt5_trader | No valid strategy signal at 2025-11-03 08:15:00 (M5=NONE)
2025-11-03 15:16:55,937 | INFO | mt5_trader | No valid strategy signal at 2025-11-03 08:15:00 (M5=NONE)
2025-11-03 15:16:56,948 | INFO | mt5_trader | No valid strategy signal at 2025-11-03 08:15:00 (M5=NONE)
2025-11-03 15:16:57,959 | INFO | mt5_trader | No valid strategy signal at 2025-11-03 08:15:00 (M5=NONE)
2025-11-03 15:16:58,964 | INFO | mt5_trader | No valid strategy signal at 2025-11-03 08:15:00 (M5=NONE)
2025-11-03 15:16:59,971 | INFO | mt5_trader | No valid strategy signal at 2025-11-03 08:15:00 (M5=NONE)
2025-11-03 15:17:00,986 | INFO | mt5_trader | No valid strategy signal at 2025-11-03 08:15:00 (M5=NONE)
2025-11-03 15:17:01,992 | INFO | mt5_trader | No valid strategy signal at 2025-11-03 08:15:00 (M5=NONE)
2025-11-03 15:17:03,014 | INFO | mt5_trader | No valid strategy signal at 2025-11-03 08:15:00 (M5=NONE)
2025-11-03 15:17:04,024 | INFO | mt5_trader | No valid strategy signal at 2025-11-03 08:15:00 (M5=NONE)
2025-11-03 15:17:05,032 | INFO | mt5_trader | No valid strategy signal at 2025-11-03 08:15:00 (M5=NONE)
2025-11-03 15:17:06,043 | INFO | mt5_trader | No valid strategy signal at 2025-11-03 08:15:00 (M5=NONE)
2025-11-03 15:17:07,048 | INFO | mt5_trader | No valid strategy signal at 2025-11-03 08:15:00 (M5=NONE)
2025-11-03 15:17:08,059 | INFO | mt5_trader | No valid strategy signal at 2025-11-03 08:15:00 (M5=NONE)
2025-11-03 15:17:09,066 | INFO | mt5_trader | No valid strategy signal at 2025-11-03 08:15:00 (M5=NONE)
2025-11-03 15:17:10,072 | INFO | mt5_trader | No valid strategy signal at 2025-11-03 08:15:00 (M5=NONE)
2025-11-03 15:17:11,077 | INFO | mt5_trader | No valid strategy signal at 2025-11-03 08:15:00 (M5=NONE)
2025-11-03 15:17:12,098 | INFO | mt5_trader | No valid strategy signal at 2025-11-03 08:15:00 (M5=NONE)
2025-11-03 15:17:13,104 | INFO | mt5_trader | No valid strategy signal at 2025-11-03 08:15:00 (M5=NONE)
2025-11-03 15:17:14,113 | INFO | mt5_trader | No valid strategy signal at 2025-11-03 08:15:00 (M5=NONE)
2025-11-03 15:17:15,119 | INFO | mt5_trader | No valid strategy signal at 2025-11-03 08:15:00 (M5=NONE)
2025-11-03 15:17:16,125 | INFO | mt5_trader | No valid strategy signal at 2025-11-03 08:15:00 (M5=NONE)
2025-11-03 15:17:17,132 | INFO | mt5_trader | No valid strategy signal at 2025-11-03 08:15:00 (M5=NONE)
2025-11-03 15:17:18,149 | INFO | mt5_trader | No valid strategy signal at 2025-11-03 08:15:00 (M5=NONE)
2025-11-03 15:17:19,155 | INFO | mt5_trader | No valid strategy signal at 2025-11-03 08:15:00 (M5=NONE)
2025-11-03 15:17:20,161 | INFO | mt5_trader | No valid strategy signal at 2025-11-03 08:15:00 (M5=NONE)
2025-11-03 15:17:21,167 | INFO | mt5_trader | No valid strategy signal at 2025-11-03 08:15:00 (M5=NONE)
2025-11-03 15:17:22,174 | INFO | mt5_trader | No valid strategy signal at 2025-11-03 08:15:00 (M5=NONE)
2025-11-03 15:17:23,181 | INFO | mt5_trader | No valid strategy signal at 2025-11-03 08:15:00 (M5=NONE)
2025-11-03 15:17:24,191 | INFO | mt5_trader | No valid strategy signal at 2025-11-03 08:15:00 (M5=NONE)
2025-11-03 15:17:25,200 | INFO | mt5_trader | No valid strategy signal at 2025-11-03 08:15:00 (M5=NONE)
2025-11-03 15:17:26,222 | INFO | mt5_trader | No valid strategy signal at 2025-11-03 08:15:00 (M5=NONE)
2025-11-03 15:17:27,232 | INFO | mt5_trader | No valid strategy signal at 2025-11-03 08:15:00 (M5=NONE)
2025-11-03 15:17:28,243 | INFO | mt5_trader | No valid strategy signal at 2025-11-03 08:15:00 (M5=NONE)
2025-11-03 15:17:29,249 | INFO | mt5_trader | No valid strategy signal at 2025-11-03 08:15:00 (M5=NONE)
2025-11-03 15:17:30,256 | INFO | mt5_trader | No valid strategy signal at 2025-11-03 08:15:00 (M5=NONE)
2025-11-03 15:17:31,262 | INFO | mt5_trader | No valid strategy signal at 2025-11-03 08:15:00 (M5=NONE)
2025-11-03 15:17:32,272 | INFO | mt5_trader | No valid strategy signal at 2025-11-03 08:15:00 (M5=NONE)
2025-11-03 15:17:33,278 | INFO | mt5_trader | No valid strategy signal at 2025-11-03 08:15:00 (M5=NONE)
2025-11-03 15:17:34,284 | INFO | mt5_trader | No valid strategy signal at 2025-11-03 08:15:00 (M5=NONE)
2025-11-03 15:17:35,291 | INFO | mt5_trader | No valid strategy signal at 2025-11-03 08:15:00 (M5=NONE)
2025-11-03 15:17:36,299 | INFO | mt5_trader | No valid strategy signal at 2025-11-03 08:15:00 (M5=NONE)
2025-11-03 15:17:37,306 | INFO | mt5_trader | No valid strategy signal at 2025-11-03 08:15:00 (M5=NONE)
2025-11-03 15:17:38,312 | INFO | mt5_trader | No valid strategy signal at 2025-11-03 08:15:00 (M5=NONE)
2025-11-03 15:17:39,319 | INFO | mt5_trader | No valid strategy signal at 2025-11-03 08:15:00 (M5=NONE)
2025-11-03 15:17:40,340 | INFO | mt5_trader | No valid strategy signal at 2025-11-03 08:15:00 (M5=NONE)
2025-11-03 15:17:41,350 | INFO | mt5_trader | No valid strategy signal at 2025-11-03 08:15:00 (M5=NONE)
2025-11-03 15:17:42,357 | INFO | mt5_trader | No valid strategy signal at 2025-11-03 08:15:00 (M5=NONE)
2025-11-03 15:17:43,363 | INFO | mt5_trader | No valid strategy signal at 2025-11-03 08:15:00 (M5=NONE)
2025-11-03 15:17:44,371 | INFO | mt5_trader | No valid strategy signal at 2025-11-03 08:15:00 (M5=NONE)
2025-11-03 15:17:45,380 | INFO | mt5_trader | No valid strategy signal at 2025-11-03 08:15:00 (M5=NONE)
2025-11-03 15:17:46,392 | INFO | mt5_trader | No valid strategy signal at 2025-11-03 08:15:00 (M5=NONE)
2025-11-03 15:17:47,398 | INFO | mt5_trader | No valid strategy signal at 2025-11-03 08:15:00 (M5=NONE)
2025-11-03 15:17:48,404 | INFO | mt5_trader | No valid strategy signal at 2025-11-03 08:15:00 (M5=NONE)
2025-11-03 15:17:49,411 | INFO | mt5_trader | No valid strategy signal at 2025-11-03 08:15:00 (M5=NONE)
2025-11-03 15:17:50,423 | INFO | mt5_trader | No valid strategy signal at 2025-11-03 08:15:00 (M5=NONE)
2025-11-03 15:17:51,430 | INFO | mt5_trader | No valid strategy signal at 2025-11-03 08:15:00 (M5=NONE)
2025-11-03 15:17:52,453 | INFO | mt5_trader | No valid strategy signal at 2025-11-03 08:15:00 (M5=NONE)
2025-11-03 15:17:53,459 | INFO | mt5_trader | No valid strategy signal at 2025-11-03 08:15:00 (M5=NONE)
2025-11-03 15:17:54,481 | INFO | mt5_trader | No valid strategy signal at 2025-11-03 08:15:00 (M5=NONE)
2025-11-03 15:17:55,493 | INFO | mt5_trader | No valid strategy signal at 2025-11-03 08:15:00 (M5=NONE)
2025-11-03 15:17:56,499 | INFO | mt5_trader | No valid strategy signal at 2025-11-03 08:15:00 (M5=NONE)
2025-11-03 15:17:57,516 | INFO | mt5_trader | No valid strategy signal at 2025-11-03 08:15:00 (M5=NONE)
2025-11-03 15:17:58,522 | INFO | mt5_trader | No valid strategy signal at 2025-11-03 08:15:00 (M5=NONE)
2025-11-03 15:17:59,528 | INFO | mt5_trader | No valid strategy signal at 2025-11-03 08:15:00 (M5=NONE)
2025-11-03 15:18:00,534 | INFO | mt5_trader | No valid strategy signal at 2025-11-03 08:15:00 (M5=NONE)
2025-11-03 15:18:01,541 | INFO | mt5_trader | No valid strategy signal at 2025-11-03 08:15:00 (M5=NONE)
2025-11-03 15:18:02,548 | INFO | mt5_trader | No valid strategy signal at 2025-11-03 08:15:00 (M5=NONE)
2025-11-03 15:18:03,553 | INFO | mt5_trader | No valid strategy signal at 2025-11-03 08:15:00 (M5=NONE)
2025-11-03 15:18:04,578 | INFO | mt5_trader | No valid strategy signal at 2025-11-03 08:15:00 (M5=NONE)
2025-11-03 15:18:05,588 | INFO | mt5_trader | No valid strategy signal at 2025-11-03 08:15:00 (M5=NONE)
2025-11-03 15:18:06,595 | INFO | mt5_trader | No valid strategy signal at 2025-11-03 08:15:00 (M5=NONE)
2025-11-03 15:18:07,602 | INFO | mt5_trader | No valid strategy signal at 2025-11-03 08:15:00 (M5=NONE)
2025-11-03 15:18:08,608 | INFO | mt5_trader | No valid strategy signal at 2025-11-03 08:15:00 (M5=NONE)
2025-11-03 15:18:09,637 | INFO | mt5_trader | No valid strategy signal at 2025-11-03 08:15:00 (M5=NONE)
2025-11-03 15:18:10,655 | INFO | mt5_trader | No valid strategy signal at 2025-11-03 08:15:00 (M5=NONE)
2025-11-03 15:18:11,664 | INFO | mt5_trader | No valid strategy signal at 2025-11-03 08:15:00 (M5=NONE)
2025-11-03 15:18:12,688 | INFO | mt5_trader | No valid strategy signal at 2025-11-03 08:15:00 (M5=NONE)
2025-11-03 15:18:13,694 | INFO | mt5_trader | No valid strategy signal at 2025-11-03 08:15:00 (M5=NONE)
2025-11-03 15:18:14,700 | INFO | mt5_trader | No valid strategy signal at 2025-11-03 08:15:00 (M5=NONE)
2025-11-03 15:18:15,707 | INFO | mt5_trader | No valid strategy signal at 2025-11-03 08:15:00 (M5=NONE)
2025-11-03 15:18:16,713 | INFO | mt5_trader | No valid strategy signal at 2025-11-03 08:15:00 (M5=NONE)
2025-11-03 15:18:17,729 | INFO | mt5_trader | No valid strategy signal at 2025-11-03 08:15:00 (M5=NONE)
2025-11-03 15:18:18,735 | INFO | mt5_trader | No valid strategy signal at 2025-11-03 08:15:00 (M5=NONE)
2025-11-03 15:18:19,742 | INFO | mt5_trader | No valid strategy signal at 2025-11-03 08:15:00 (M5=NONE)
2025-11-03 15:18:20,748 | INFO | mt5_trader | No valid strategy signal at 2025-11-03 08:15:00 (M5=NONE)
2025-11-03 15:18:21,753 | INFO | mt5_trader | No valid strategy signal at 2025-11-03 08:15:00 (M5=NONE)
2025-11-03 15:18:22,759 | INFO | mt5_trader | No valid strategy signal at 2025-11-03 08:15:00 (M5=NONE)
2025-11-03 15:18:23,766 | INFO | mt5_trader | No valid strategy signal at 2025-11-03 08:15:00 (M5=NONE)
2025-11-03 15:18:24,772 | INFO | mt5_trader | No valid strategy signal at 2025-11-03 08:15:00 (M5=NONE)
2025-11-03 15:18:25,779 | INFO | mt5_trader | No valid strategy signal at 2025-11-03 08:15:00 (M5=NONE)
2025-11-03 15:18:26,785 | INFO | mt5_trader | No valid strategy signal at 2025-11-03 08:15:00 (M5=NONE)
2025-11-03 15:18:27,795 | INFO | mt5_trader | No valid strategy signal at 2025-11-03 08:15:00 (M5=NONE)
2025-11-03 15:18:28,801 | INFO | mt5_trader | No valid strategy signal at 2025-11-03 08:15:00 (M5=NONE)
2025-11-03 15:18:29,811 | INFO | mt5_trader | No valid strategy signal at 2025-11-03 08:15:00 (M5=NONE)
2025-11-03 15:18:30,817 | INFO | mt5_trader | No valid strategy signal at 2025-11-03 08:15:00 (M5=NONE)
2025-11-03 15:18:31,824 | INFO | mt5_trader | No valid strategy signal at 2025-11-03 08:15:00 (M5=NONE)
2025-11-03 15:18:32,832 | INFO | mt5_trader | No valid strategy signal at 2025-11-03 08:15:00 (M5=NONE)
2025-11-03 15:18:33,854 | INFO | mt5_trader | No valid strategy signal at 2025-11-03 08:15:00 (M5=NONE)
2025-11-03 15:18:34,866 | INFO | mt5_trader | No valid strategy signal at 2025-11-03 08:15:00 (M5=NONE)
2025-11-03 15:18:35,872 | INFO | mt5_trader | No valid strategy signal at 2025-11-03 08:15:00 (M5=NONE)
2025-11-03 15:18:36,879 | INFO | mt5_trader | No valid strategy signal at 2025-11-03 08:15:00 (M5=NONE)
2025-11-03 15:18:37,889 | INFO | mt5_trader | No valid strategy signal at 2025-11-03 08:15:00 (M5=NONE)
2025-11-03 15:18:38,894 | INFO | mt5_trader | No valid strategy signal at 2025-11-03 08:15:00 (M5=NONE)
2025-11-03 15:18:39,900 | INFO | mt5_trader | No valid strategy signal at 2025-11-03 08:15:00 (M5=NONE)
2025-11-03 15:18:40,907 | INFO | mt5_trader | No valid strategy signal at 2025-11-03 08:15:00 (M5=NONE)
2025-11-03 15:18:41,919 | INFO | mt5_trader | No valid strategy signal at 2025-11-03 08:15:00 (M5=NONE)
2025-11-03 15:18:42,925 | INFO | mt5_trader | No valid strategy signal at 2025-11-03 08:15:00 (M5=NONE)
2025-11-03 15:18:43,935 | INFO | mt5_trader | No valid strategy signal at 2025-11-03 08:15:00 (M5=NONE)
2025-11-03 15:18:44,941 | INFO | mt5_trader | No valid strategy signal at 2025-11-03 08:15:00 (M5=NONE)
2025-11-03 15:18:45,423 | INFO | mt5_trader | 🔌 Disconnected from MT5
2025-11-03 15:22:29,563 | INFO | mt5_trader | ✅ Connected to MT5
2025-11-03 15:22:29,563 | INFO | mt5_trader | 📊 Account: 206523111
2025-11-03 15:22:29,563 | INFO | mt5_trader | 💰 Balance: $386.54
2025-11-03 15:22:29,564 | INFO | mt5_trader | 📈 Equity: $386.54
2025-11-03 15:22:29,564 | INFO | mt5_trader | 🌐 Server: Exness-MT5Trial7
2025-11-03 15:22:29,572 | INFO | mt5_trader | No valid strategy signal at 2025-11-03 08:20:00 (M5=NONE)
2025-11-03 15:22:59,832 | INFO | mt5_trader | No valid strategy signal at 2025-11-03 08:20:00 (M5=NONE)
2025-11-03 15:23:30,206 | INFO | mt5_trader | No valid strategy signal at 2025-11-03 08:20:00 (M5=NONE)
2025-11-03 15:24:00,628 | INFO | mt5_trader | No valid strategy signal at 2025-11-03 08:20:00 (M5=NONE)
2025-11-03 15:24:30,929 | INFO | mt5_trader | No valid strategy signal at 2025-11-03 08:20:00 (M5=NONE)
2025-11-03 15:25:01,200 | INFO | mt5_trader | No valid strategy signal at 2025-11-03 08:25:00 (M5=NONE)
2025-11-03 15:25:23,431 | INFO | mt5_trader | 🔌 Disconnected from MT5
2025-11-03 15:36:17,285 | INFO | mt5_trader | ✅ Connected to MT5
2025-11-03 15:36:17,285 | INFO | mt5_trader | 📊 Account: 206523111
2025-11-03 15:36:17,286 | INFO | mt5_trader | 💰 Balance: $385.84
2025-11-03 15:36:17,286 | INFO | mt5_trader | 📈 Equity: $354.52
2025-11-03 15:36:17,286 | INFO | mt5_trader | 🌐 Server: Exness-MT5Trial7
2025-11-03 15:36:17,294 | INFO | mt5_trader | No valid strategy signal at 2025-11-03 08:35:00 (M5=NONE)
2025-11-03 15:36:27,295 | INFO | mt5_trader | 🔌 Disconnected from MT5
2025-11-03 15:36:38,726 | INFO | mt5_trader | ✅ Connected to MT5
2025-11-03 15:36:38,727 | INFO | mt5_trader | 📊 Account: 206523111
2025-11-03 15:36:38,727 | INFO | mt5_trader | 💰 Balance: $385.84
2025-11-03 15:36:38,727 | INFO | mt5_trader | 📈 Equity: $349.29
2025-11-03 15:36:38,727 | INFO | mt5_trader | 🌐 Server: Exness-MT5Trial7
2025-11-03 15:36:38,735 | INFO | mt5_trader | No valid strategy signal at 2025-11-03 08:35:00 (M5=NONE)
2025-11-03 15:37:08,992 | INFO | mt5_trader | No valid strategy signal at 2025-11-03 08:35:00 (M5=NONE)
2025-11-03 15:37:39,253 | INFO | mt5_trader | No valid strategy signal at 2025-11-03 08:35:00 (M5=NONE)
2025-11-03 15:38:09,507 | INFO | mt5_trader | No valid strategy signal at 2025-11-03 08:35:00 (M5=NONE)
2025-11-03 15:38:39,777 | INFO | mt5_trader | No valid strategy signal at 2025-11-03 08:35:00 (M5=NONE)
2025-11-03 15:39:10,006 | INFO | mt5_trader | No valid strategy signal at 2025-11-03 08:35:00 (M5=NONE)
2025-11-03 15:39:40,289 | INFO | mt5_trader | No valid strategy signal at 2025-11-03 08:35:00 (M5=NONE)
2025-11-03 15:40:10,545 | INFO | mt5_trader | No valid strategy signal at 2025-11-03 08:40:00 (M5=NONE)
2025-11-03 15:40:32,278 | INFO | mt5_trader | 🔌 Disconnected from MT5
2025-11-03 15:54:04,889 | INFO | mt5_trader | ✅ Connected to MT5
2025-11-03 15:54:04,890 | INFO | mt5_trader | 📊 Account: 206523111
2025-11-03 15:54:04,890 | INFO | mt5_trader | 💰 Balance: $435.28
2025-11-03 15:54:04,890 | INFO | mt5_trader | 📈 Equity: $434.95
2025-11-03 15:54:04,890 | INFO | mt5_trader | 🌐 Server: Exness-MT5Trial7
2025-11-03 15:54:04,898 | INFO | mt5_trader | No valid strategy signal at 2025-11-03 08:50:00 (M5=NONE)
2025-11-03 15:54:35,123 | INFO | mt5_trader | No valid strategy signal at 2025-11-03 08:50:00 (M5=NONE)
2025-11-03 15:55:05,394 | INFO | mt5_trader | No valid strategy signal at 2025-11-03 08:55:00 (M5=NONE)
2025-11-03 15:55:35,683 | INFO | mt5_trader | No valid strategy signal at 2025-11-03 08:55:00 (M5=NONE)
2025-11-03 15:56:05,967 | INFO | mt5_trader | No valid strategy signal at 2025-11-03 08:55:00 (M5=NONE)
2025-11-03 15:56:36,251 | INFO | mt5_trader | No valid strategy signal at 2025-11-03 08:55:00 (M5=NONE)
2025-11-03 15:56:47,818 | INFO | mt5_trader | 🔌 Disconnected from MT5
2025-11-03 15:59:25,222 | INFO | mt5_trader | ✅ Connected to MT5
2025-11-03 15:59:25,222 | INFO | mt5_trader | 📊 Account: 206523111
2025-11-03 15:59:25,222 | INFO | mt5_trader | 💰 Balance: $451.81
2025-11-03 15:59:25,222 | INFO | mt5_trader | 📈 Equity: $451.81
2025-11-03 15:59:25,222 | INFO | mt5_trader | 🌐 Server: Exness-MT5Trial7
2025-11-03 15:59:25,230 | INFO | mt5_trader | No valid strategy signal at 2025-11-03 08:55:00 (M5=NONE)
2025-11-03 15:59:32,408 | INFO | mt5_trader | 🔌 Disconnected from MT5
2025-11-03 15:59:48,574 | INFO | mt5_trader | ✅ Connected to MT5
2025-11-03 15:59:48,574 | INFO | mt5_trader | 📊 Account: 206523111
2025-11-03 15:59:48,574 | INFO | mt5_trader | 💰 Balance: $451.81
2025-11-03 15:59:48,575 | INFO | mt5_trader | 📈 Equity: $451.81
2025-11-03 15:59:48,575 | INFO | mt5_trader | 🌐 Server: Exness-MT5Trial7
2025-11-03 15:59:48,581 | INFO | mt5_trader | No valid strategy signal at 2025-11-03 08:55:00 (M5=NONE)
2025-11-03 16:00:18,816 | INFO | mt5_trader | No valid strategy signal at 2025-11-03 09:00:00 (M5=NONE)
2025-11-03 16:00:49,080 | INFO | mt5_trader | No valid strategy signal at 2025-11-03 09:00:00 (M5=NONE)
2025-11-03 16:01:19,342 | INFO | mt5_trader | No valid strategy signal at 2025-11-03 09:00:00 (M5=NONE)
2025-11-03 16:01:49,604 | INFO | mt5_trader | No valid strategy signal at 2025-11-03 09:00:00 (M5=NONE)
2025-11-03 16:02:06,495 | INFO | mt5_trader | 🔌 Disconnected from MT5
