2025-11-04 07:51:00,984 | INFO | mt5_scalping | ✅ Connected to MT5 (login=206523111)
2025-11-04 07:51:01,008 | INFO | mt5_scalping | Calculated lot size: 0.1 (risk 1.5%, sl=70.0 pips)
2025-11-04 07:51:01,147 | INFO | mt5_scalping | Order sent: SELL 0.05 XAUUSD @ 3986.706 | SL=3986.7760000000003 TP=3986.496
2025-11-04 07:51:04,155 | INFO | mt5_scalping | Calculated lot size: 0.1 (risk 1.5%, sl=70.0 pips)
2025-11-04 07:51:04,295 | INFO | mt5_scalping | Order sent: SELL 0.05 XAUUSD @ 3986.699 | SL=3986.7690000000002 TP=3986.489
2025-11-04 07:51:07,297 | INFO | mt5_scalping | Calculated lot size: 0.1 (risk 1.5%, sl=70.0 pips)
2025-11-04 07:51:07,432 | INFO | mt5_scalping | Order sent: SELL 0.05 XAUUSD @ 3986.266 | SL=3986.3360000000002 TP=3986.056
2025-11-04 07:51:10,435 | INFO | mt5_scalping | Calculated lot size: 0.1 (risk 1.5%, sl=70.0 pips)
2025-11-04 07:51:10,481 | ERROR | mt5_scalping | Order failed: 10016 - Invalid stops
2025-11-04 07:51:13,484 | INFO | mt5_scalping | Calculated lot size: 0.1 (risk 1.5%, sl=70.0 pips)
2025-11-04 07:51:15,544 | ERROR | mt5_scalping | Order failed: 10011 - Scalping Bot
2025-11-04 07:51:18,546 | INFO | mt5_scalping | Calculated lot size: 0.1 (risk 1.5%, sl=70.0 pips)
2025-11-04 07:51:18,683 | INFO | mt5_scalping | Order sent: SELL 0.05 XAUUSD @ 3987.114 | SL=3987.184 TP=3986.904
2025-11-04 07:51:21,692 | INFO | mt5_scalping | Calculated lot size: 0.1 (risk 1.5%, sl=70.0 pips)
2025-11-04 07:51:21,827 | INFO | mt5_scalping | Order sent: SELL 0.05 XAUUSD @ 3987.163 | SL=3987.233 TP=3986.953
2025-11-04 07:51:24,832 | INFO | mt5_scalping | Calculated lot size: 0.1 (risk 1.5%, sl=70.0 pips)
2025-11-04 07:51:24,880 | ERROR | mt5_scalping | Order failed: 10016 - Invalid stops
2025-11-04 07:51:27,882 | INFO | mt5_scalping | Calculated lot size: 0.1 (risk 1.5%, sl=70.0 pips)
2025-11-04 07:51:28,032 | INFO | mt5_scalping | Order sent: SELL 0.05 XAUUSD @ 3986.993 | SL=3987.063 TP=3986.783
2025-11-04 07:51:31,033 | INFO | mt5_scalping | Calculated lot size: 0.1 (risk 1.5%, sl=70.0 pips)
2025-11-04 07:51:31,170 | INFO | mt5_scalping | Order sent: SELL 0.05 XAUUSD @ 3986.498 | SL=3986.568 TP=3986.288
2025-11-04 07:51:34,172 | INFO | mt5_scalping | Calculated lot size: 0.1 (risk 1.5%, sl=70.0 pips)
2025-11-04 07:51:34,311 | INFO | mt5_scalping | Order sent: SELL 0.05 XAUUSD @ 3986.229 | SL=3986.299 TP=3986.019
2025-11-04 07:51:37,314 | INFO | mt5_scalping | Calculated lot size: 0.1 (risk 1.5%, sl=70.0 pips)
2025-11-04 07:51:37,450 | INFO | mt5_scalping | Order sent: SELL 0.05 XAUUSD @ 3986.415 | SL=3986.485 TP=3986.205
2025-11-04 07:51:40,457 | INFO | mt5_scalping | Calculated lot size: 0.1 (risk 1.5%, sl=70.0 pips)
2025-11-04 07:51:42,562 | ERROR | mt5_scalping | Order failed: 10011 - Scalping Bot
2025-11-04 07:51:45,566 | INFO | mt5_scalping | Calculated lot size: 0.1 (risk 1.5%, sl=70.0 pips)
2025-11-04 07:51:45,704 | INFO | mt5_scalping | Order sent: SELL 0.05 XAUUSD @ 3985.923 | SL=3985.993 TP=3985.7129999999997
2025-11-04 07:51:48,706 | INFO | mt5_scalping | Calculated lot size: 0.1 (risk 1.5%, sl=70.0 pips)
2025-11-04 07:51:48,851 | INFO | mt5_scalping | Order sent: SELL 0.05 XAUUSD @ 3986.136 | SL=3986.206 TP=3985.926
2025-11-04 07:51:51,857 | INFO | mt5_scalping | Calculated lot size: 0.1 (risk 1.5%, sl=70.0 pips)
2025-11-04 07:51:51,995 | INFO | mt5_scalping | Order sent: SELL 0.05 XAUUSD @ 3986.06 | SL=3986.13 TP=3985.85
2025-11-04 07:51:55,002 | INFO | mt5_scalping | Calculated lot size: 0.1 (risk 1.5%, sl=70.0 pips)
2025-11-04 07:51:55,142 | INFO | mt5_scalping | Order sent: SELL 0.05 XAUUSD @ 3985.025 | SL=3985.0950000000003 TP=3984.815
2025-11-04 07:51:58,145 | INFO | mt5_scalping | Calculated lot size: 0.1 (risk 1.5%, sl=70.0 pips)
2025-11-04 07:51:58,281 | INFO | mt5_scalping | Order sent: SELL 0.05 XAUUSD @ 3985.374 | SL=3985.444 TP=3985.1639999999998
2025-11-04 07:52:01,289 | INFO | mt5_scalping | Calculated lot size: 0.1 (risk 1.5%, sl=70.0 pips)
2025-11-04 07:52:01,338 | ERROR | mt5_scalping | Order failed: 10016 - Invalid stops
2025-11-04 07:52:04,340 | INFO | mt5_scalping | Calculated lot size: 0.1 (risk 1.5%, sl=70.0 pips)
2025-11-04 07:52:04,477 | INFO | mt5_scalping | Order sent: SELL 0.05 XAUUSD @ 3985.836 | SL=3985.906 TP=3985.6259999999997
2025-11-04 07:52:07,483 | INFO | mt5_scalping | Calculated lot size: 0.1 (risk 1.5%, sl=70.0 pips)
2025-11-04 07:52:07,621 | INFO | mt5_scalping | Order sent: SELL 0.05 XAUUSD @ 3985.902 | SL=3985.972 TP=3985.692
2025-11-04 07:52:10,625 | INFO | mt5_scalping | Calculated lot size: 0.1 (risk 1.5%, sl=70.0 pips)
2025-11-04 07:52:10,761 | INFO | mt5_scalping | Order sent: SELL 0.05 XAUUSD @ 3985.924 | SL=3985.994 TP=3985.714
2025-11-04 07:52:13,768 | INFO | mt5_scalping | Calculated lot size: 0.1 (risk 1.5%, sl=70.0 pips)
2025-11-04 07:52:13,902 | INFO | mt5_scalping | Order sent: SELL 0.05 XAUUSD @ 3986.149 | SL=3986.219 TP=3985.939
2025-11-04 07:52:16,910 | INFO | mt5_scalping | Calculated lot size: 0.1 (risk 1.5%, sl=70.0 pips)
2025-11-04 07:52:17,052 | INFO | mt5_scalping | Order sent: SELL 0.05 XAUUSD @ 3985.838 | SL=3985.9080000000004 TP=3985.628
2025-11-04 07:52:20,056 | INFO | mt5_scalping | Calculated lot size: 0.1 (risk 1.5%, sl=70.0 pips)
2025-11-04 07:52:20,125 | ERROR | mt5_scalping | Order failed: 10016 - Invalid stops
2025-11-04 07:52:23,133 | INFO | mt5_scalping | Calculated lot size: 0.1 (risk 1.5%, sl=70.0 pips)
2025-11-04 07:52:23,269 | INFO | mt5_scalping | Order sent: SELL 0.05 XAUUSD @ 3986.588 | SL=3986.6580000000004 TP=3986.378
2025-11-04 07:52:26,272 | INFO | mt5_scalping | Calculated lot size: 0.1 (risk 1.5%, sl=70.0 pips)
2025-11-04 07:52:26,410 | INFO | mt5_scalping | Order sent: SELL 0.05 XAUUSD @ 3986.635 | SL=3986.7050000000004 TP=3986.425
2025-11-04 07:52:29,412 | INFO | mt5_scalping | Calculated lot size: 0.1 (risk 1.5%, sl=70.0 pips)
2025-11-04 07:52:29,555 | INFO | mt5_scalping | Order sent: SELL 0.05 XAUUSD @ 3986.049 | SL=3986.119 TP=3985.839
2025-11-04 07:52:32,558 | INFO | mt5_scalping | Calculated lot size: 0.1 (risk 1.5%, sl=70.0 pips)
2025-11-04 07:52:32,699 | INFO | mt5_scalping | Order sent: SELL 0.05 XAUUSD @ 3986.155 | SL=3986.2250000000004 TP=3985.945
2025-11-04 07:52:35,705 | INFO | mt5_scalping | Calculated lot size: 0.1 (risk 1.5%, sl=70.0 pips)
2025-11-04 07:52:35,840 | INFO | mt5_scalping | Order sent: SELL 0.05 XAUUSD @ 3986.73 | SL=3986.8 TP=3986.52
2025-11-04 07:52:38,842 | INFO | mt5_scalping | Calculated lot size: 0.1 (risk 1.5%, sl=70.0 pips)
2025-11-04 07:52:38,980 | INFO | mt5_scalping | Order sent: SELL 0.05 XAUUSD @ 3986.668 | SL=3986.7380000000003 TP=3986.458
2025-11-04 07:52:41,987 | INFO | mt5_scalping | Calculated lot size: 0.1 (risk 1.5%, sl=70.0 pips)
2025-11-04 07:52:42,037 | ERROR | mt5_scalping | Order failed: 10016 - Invalid stops
2025-11-04 07:52:45,039 | INFO | mt5_scalping | Calculated lot size: 0.1 (risk 1.5%, sl=70.0 pips)
2025-11-04 07:52:45,178 | INFO | mt5_scalping | Order sent: SELL 0.05 XAUUSD @ 3986.839 | SL=3986.909 TP=3986.629
2025-11-04 07:52:48,181 | INFO | mt5_scalping | Calculated lot size: 0.1 (risk 1.5%, sl=70.0 pips)
2025-11-04 07:52:48,321 | INFO | mt5_scalping | Order sent: SELL 0.05 XAUUSD @ 3987.294 | SL=3987.364 TP=3987.084
2025-11-04 07:52:51,329 | INFO | mt5_scalping | Calculated lot size: 0.1 (risk 1.5%, sl=70.0 pips)
2025-11-04 07:52:51,469 | INFO | mt5_scalping | Order sent: SELL 0.05 XAUUSD @ 3987.123 | SL=3987.193 TP=3986.913
2025-11-04 07:52:54,472 | INFO | mt5_scalping | Calculated lot size: 0.1 (risk 1.5%, sl=70.0 pips)
2025-11-04 07:52:54,608 | INFO | mt5_scalping | Order sent: SELL 0.05 XAUUSD @ 3987.053 | SL=3987.123 TP=3986.843
2025-11-04 07:52:57,610 | INFO | mt5_scalping | Calculated lot size: 0.1 (risk 1.5%, sl=70.0 pips)
2025-11-04 07:52:57,748 | INFO | mt5_scalping | Order sent: SELL 0.05 XAUUSD @ 3987.143 | SL=3987.213 TP=3986.933
2025-11-04 07:52:59,104 | INFO | mt5_scalping | 🔌 Disconnected from MT5
2025-11-04 08:10:50,599 | INFO | mt5_scalping | ✅ Connected to MT5 (login=206523111)
2025-11-04 08:10:50,638 | INFO | mt5_scalping | Calculated lot size: 0.1 (risk 1.5%, sl=70.0 pips)
2025-11-04 08:10:50,777 | INFO | mt5_scalping | Order sent: SELL 0.05 XAUUSD @ 3987.197 | SL=3987.2670000000003 TP=3986.987
2025-11-04 08:10:53,781 | INFO | mt5_scalping | Calculated lot size: 0.1 (risk 1.5%, sl=70.0 pips)
2025-11-04 08:10:53,918 | INFO | mt5_scalping | Order sent: SELL 0.05 XAUUSD @ 3986.883 | SL=3987.058 TP=3986.778
2025-11-04 08:10:56,922 | INFO | mt5_scalping | Calculated lot size: 0.1 (risk 1.5%, sl=70.0 pips)
2025-11-04 08:10:57,058 | INFO | mt5_scalping | Order sent: SELL 0.05 XAUUSD @ 3986.704 | SL=3986.7740000000003 TP=3986.494
2025-11-04 08:11:00,062 | INFO | mt5_scalping | Calculated lot size: 0.1 (risk 1.5%, sl=70.0 pips)
2025-11-04 08:11:00,202 | INFO | mt5_scalping | Order sent: SELL 0.05 XAUUSD @ 3986.621 | SL=3986.6910000000003 TP=3986.411
2025-11-04 08:11:03,204 | INFO | mt5_scalping | Calculated lot size: 0.1 (risk 1.5%, sl=70.0 pips)
2025-11-04 08:11:03,359 | INFO | mt5_scalping | Order sent: SELL 0.05 XAUUSD @ 3986.916 | SL=3986.9860000000003 TP=3986.706
2025-11-04 08:11:06,361 | INFO | mt5_scalping | Calculated lot size: 0.1 (risk 1.5%, sl=70.0 pips)
2025-11-04 08:11:06,502 | INFO | mt5_scalping | Order sent: SELL 0.05 XAUUSD @ 3986.926 | SL=3986.996 TP=3986.716
2025-11-04 08:11:09,509 | INFO | mt5_scalping | Calculated lot size: 0.1 (risk 1.5%, sl=70.0 pips)
2025-11-04 08:11:09,649 | INFO | mt5_scalping | Order sent: SELL 0.05 XAUUSD @ 3986.375 | SL=3986.445 TP=3986.165
2025-11-04 08:11:12,652 | INFO | mt5_scalping | Calculated lot size: 0.1 (risk 1.5%, sl=70.0 pips)
2025-11-04 08:11:14,730 | ERROR | mt5_scalping | Order failed: 10011 - Scalping Bot
2025-11-04 08:11:17,732 | INFO | mt5_scalping | Calculated lot size: 0.1 (risk 1.5%, sl=70.0 pips)
2025-11-04 08:11:17,876 | INFO | mt5_scalping | Order sent: BUY 0.05 XAUUSD @ 3988.108 | SL=3988.038 TP=3988.318
2025-11-04 08:11:20,881 | INFO | mt5_scalping | Calculated lot size: 0.1 (risk 1.5%, sl=70.0 pips)
2025-11-04 08:11:21,027 | INFO | mt5_scalping | Order sent: BUY 0.05 XAUUSD @ 3988.013 | SL=3987.9429999999998 TP=3988.223
2025-11-04 08:11:24,032 | INFO | mt5_scalping | Calculated lot size: 0.1 (risk 1.5%, sl=70.0 pips)
2025-11-04 08:11:24,171 | INFO | mt5_scalping | Order sent: BUY 0.05 XAUUSD @ 3988.277 | SL=3988.207 TP=3988.487
2025-11-04 08:11:27,175 | INFO | mt5_scalping | Calculated lot size: 0.1 (risk 1.5%, sl=70.0 pips)
2025-11-04 08:11:27,222 | ERROR | mt5_scalping | Order failed: 10016 - Invalid stops
2025-11-04 08:11:30,230 | INFO | mt5_scalping | Calculated lot size: 0.1 (risk 1.5%, sl=70.0 pips)
2025-11-04 08:11:30,370 | INFO | mt5_scalping | Order sent: BUY 0.05 XAUUSD @ 3987.971 | SL=3987.901 TP=3988.181
2025-11-04 08:11:33,379 | INFO | mt5_scalping | Calculated lot size: 0.1 (risk 1.5%, sl=70.0 pips)
2025-11-04 08:11:33,520 | INFO | mt5_scalping | Order sent: BUY 0.05 XAUUSD @ 3987.882 | SL=3987.812 TP=3988.092
2025-11-04 08:11:36,523 | INFO | mt5_scalping | Calculated lot size: 0.1 (risk 1.5%, sl=70.0 pips)
2025-11-04 08:11:36,674 | INFO | mt5_scalping | Order sent: BUY 0.05 XAUUSD @ 3987.932 | SL=3987.8619999999996 TP=3988.142
2025-11-04 08:11:39,676 | INFO | mt5_scalping | Calculated lot size: 0.1 (risk 1.5%, sl=70.0 pips)
2025-11-04 08:11:41,749 | ERROR | mt5_scalping | Order failed: 10011 - Scalping Bot
2025-11-04 08:11:44,758 | INFO | mt5_scalping | Calculated lot size: 0.1 (risk 1.5%, sl=70.0 pips)
2025-11-04 08:11:44,895 | INFO | mt5_scalping | Order sent: BUY 0.05 XAUUSD @ 3988.337 | SL=3988.267 TP=3988.547
2025-11-04 08:11:47,904 | INFO | mt5_scalping | Calculated lot size: 0.1 (risk 1.5%, sl=70.0 pips)
2025-11-04 08:11:48,044 | INFO | mt5_scalping | Order sent: BUY 0.05 XAUUSD @ 3988.014 | SL=3987.944 TP=3988.224
2025-11-04 08:11:51,051 | INFO | mt5_scalping | Calculated lot size: 0.1 (risk 1.5%, sl=70.0 pips)
2025-11-04 08:11:51,192 | INFO | mt5_scalping | Order sent: BUY 0.05 XAUUSD @ 3988.119 | SL=3988.049 TP=3988.329
2025-11-04 08:11:54,201 | INFO | mt5_scalping | Calculated lot size: 0.1 (risk 1.5%, sl=70.0 pips)
2025-11-04 08:11:54,990 | ERROR | mt5_scalping | Order failed: 10016 - Invalid stops
2025-11-04 08:11:57,991 | INFO | mt5_scalping | Calculated lot size: 0.1 (risk 1.5%, sl=70.0 pips)
2025-11-04 08:11:58,127 | INFO | mt5_scalping | Order sent: BUY 0.05 XAUUSD @ 3987.951 | SL=3987.881 TP=3988.161
2025-11-04 08:12:01,130 | INFO | mt5_scalping | Calculated lot size: 0.1 (risk 1.5%, sl=70.0 pips)
2025-11-04 08:12:03,207 | ERROR | mt5_scalping | Order failed: 10011 - Scalping Bot
2025-11-04 08:12:06,214 | INFO | mt5_scalping | Calculated lot size: 0.1 (risk 1.5%, sl=70.0 pips)
2025-11-04 08:12:06,264 | ERROR | mt5_scalping | Order failed: 10016 - Invalid stops
2025-11-04 08:12:09,272 | INFO | mt5_scalping | Calculated lot size: 0.1 (risk 1.5%, sl=70.0 pips)
2025-11-04 08:12:11,312 | ERROR | mt5_scalping | Order failed: 10011 - Scalping Bot
2025-11-04 08:12:14,315 | INFO | mt5_scalping | Calculated lot size: 0.1 (risk 1.5%, sl=70.0 pips)
2025-11-04 08:12:14,451 | INFO | mt5_scalping | Order sent: BUY 0.05 XAUUSD @ 3988.833 | SL=3988.763 TP=3989.043
2025-11-04 08:12:17,459 | INFO | mt5_scalping | Calculated lot size: 0.1 (risk 1.5%, sl=70.0 pips)
2025-11-04 08:12:17,600 | INFO | mt5_scalping | Order sent: BUY 0.05 XAUUSD @ 3989.218 | SL=3989.1479999999997 TP=3989.428
2025-11-04 08:12:20,607 | INFO | mt5_scalping | Calculated lot size: 0.1 (risk 1.5%, sl=70.0 pips)
2025-11-04 08:12:20,745 | INFO | mt5_scalping | Order sent: BUY 0.05 XAUUSD @ 3989.188 | SL=3989.118 TP=3989.398
2025-11-04 08:12:23,749 | INFO | mt5_scalping | Calculated lot size: 0.1 (risk 1.5%, sl=70.0 pips)
2025-11-04 08:12:23,884 | INFO | mt5_scalping | Order sent: BUY 0.05 XAUUSD @ 3989.431 | SL=3989.361 TP=3989.641
2025-11-04 08:12:26,887 | INFO | mt5_scalping | Calculated lot size: 0.1 (risk 1.5%, sl=70.0 pips)
2025-11-04 08:12:27,028 | INFO | mt5_scalping | Order sent: BUY 0.05 XAUUSD @ 3989.579 | SL=3989.509 TP=3989.789
2025-11-04 08:12:30,030 | INFO | mt5_scalping | Calculated lot size: 0.1 (risk 1.5%, sl=70.0 pips)
2025-11-04 08:12:30,172 | INFO | mt5_scalping | Order sent: BUY 0.05 XAUUSD @ 3989.744 | SL=3989.674 TP=3989.954
2025-11-04 08:12:33,175 | INFO | mt5_scalping | Calculated lot size: 0.1 (risk 1.5%, sl=70.0 pips)
2025-11-04 08:12:33,313 | INFO | mt5_scalping | Order sent: BUY 0.05 XAUUSD @ 3990.078 | SL=3990.008 TP=3990.288
2025-11-04 08:12:36,319 | INFO | mt5_scalping | Calculated lot size: 0.1 (risk 1.5%, sl=70.0 pips)
2025-11-04 08:12:36,454 | INFO | mt5_scalping | Order sent: BUY 0.05 XAUUSD @ 3989.89 | SL=3989.8199999999997 TP=3990.1
2025-11-04 08:12:39,456 | INFO | mt5_scalping | Calculated lot size: 0.1 (risk 1.5%, sl=70.0 pips)
2025-11-04 08:12:39,594 | INFO | mt5_scalping | Order sent: BUY 0.05 XAUUSD @ 3989.481 | SL=3989.411 TP=3989.6910000000003
2025-11-04 08:12:42,601 | INFO | mt5_scalping | Calculated lot size: 0.1 (risk 1.5%, sl=70.0 pips)
2025-11-04 08:12:42,739 | INFO | mt5_scalping | Order sent: BUY 0.05 XAUUSD @ 3989.934 | SL=3989.864 TP=3990.1440000000002
2025-11-04 08:12:45,748 | INFO | mt5_scalping | Calculated lot size: 0.1 (risk 1.5%, sl=70.0 pips)
2025-11-04 08:12:45,890 | INFO | mt5_scalping | Order sent: BUY 0.05 XAUUSD @ 3990.006 | SL=3989.9359999999997 TP=3990.216
2025-11-04 08:12:48,897 | INFO | mt5_scalping | Calculated lot size: 0.1 (risk 1.5%, sl=70.0 pips)
2025-11-04 08:12:49,035 | INFO | mt5_scalping | Order sent: BUY 0.05 XAUUSD @ 3989.819 | SL=3989.749 TP=3990.029
2025-11-04 08:12:52,039 | INFO | mt5_scalping | Calculated lot size: 0.1 (risk 1.5%, sl=70.0 pips)
2025-11-04 08:12:52,174 | INFO | mt5_scalping | Order sent: BUY 0.05 XAUUSD @ 3989.166 | SL=3989.096 TP=3989.376
2025-11-04 08:12:55,181 | INFO | mt5_scalping | Calculated lot size: 0.1 (risk 1.5%, sl=70.0 pips)
2025-11-04 08:12:55,317 | INFO | mt5_scalping | Order sent: BUY 0.05 XAUUSD @ 3989.364 | SL=3989.294 TP=3989.574
2025-11-04 08:12:58,325 | INFO | mt5_scalping | Calculated lot size: 0.1 (risk 1.5%, sl=70.0 pips)
2025-11-04 08:12:58,371 | ERROR | mt5_scalping | Order failed: 10016 - Invalid stops
2025-11-04 08:13:01,379 | INFO | mt5_scalping | Calculated lot size: 0.1 (risk 1.5%, sl=70.0 pips)
2025-11-04 08:13:01,516 | INFO | mt5_scalping | Order sent: BUY 0.05 XAUUSD @ 3988.938 | SL=3988.868 TP=3989.148
2025-11-04 08:13:04,523 | INFO | mt5_scalping | Calculated lot size: 0.1 (risk 1.5%, sl=70.0 pips)
2025-11-04 08:13:04,662 | INFO | mt5_scalping | Order sent: BUY 0.05 XAUUSD @ 3989.045 | SL=3988.975 TP=3989.255
2025-11-04 08:13:07,669 | INFO | mt5_scalping | Calculated lot size: 0.1 (risk 1.5%, sl=70.0 pips)
2025-11-04 08:13:07,807 | INFO | mt5_scalping | Order sent: BUY 0.05 XAUUSD @ 3989.004 | SL=3988.9339999999997 TP=3989.214
2025-11-04 08:13:10,810 | INFO | mt5_scalping | Calculated lot size: 0.1 (risk 1.5%, sl=70.0 pips)
2025-11-04 08:13:10,948 | INFO | mt5_scalping | Order sent: BUY 0.05 XAUUSD @ 3988.631 | SL=3988.5609999999997 TP=3988.841
2025-11-04 08:13:13,951 | INFO | mt5_scalping | Calculated lot size: 0.1 (risk 1.5%, sl=70.0 pips)
2025-11-04 08:13:14,088 | INFO | mt5_scalping | Order sent: BUY 0.05 XAUUSD @ 3989.369 | SL=3989.299 TP=3989.579
2025-11-04 08:13:17,096 | INFO | mt5_scalping | Calculated lot size: 0.1 (risk 1.5%, sl=70.0 pips)
2025-11-04 08:13:17,152 | ERROR | mt5_scalping | Order failed: 10016 - Invalid stops
2025-11-04 08:13:20,159 | INFO | mt5_scalping | Calculated lot size: 0.1 (risk 1.5%, sl=70.0 pips)
2025-11-04 08:13:20,297 | INFO | mt5_scalping | Order sent: BUY 0.05 XAUUSD @ 3989.469 | SL=3989.399 TP=3989.679
2025-11-04 08:13:23,303 | INFO | mt5_scalping | Calculated lot size: 0.1 (risk 1.5%, sl=70.0 pips)
2025-11-04 08:13:23,444 | INFO | mt5_scalping | Order sent: BUY 0.05 XAUUSD @ 3989.72 | SL=3989.6499999999996 TP=3989.93
2025-11-04 08:13:26,453 | INFO | mt5_scalping | Calculated lot size: 0.1 (risk 1.5%, sl=70.0 pips)
2025-11-04 08:13:26,592 | INFO | mt5_scalping | Order sent: BUY 0.05 XAUUSD @ 3989.548 | SL=3989.4779999999996 TP=3989.758
2025-11-04 08:13:29,600 | INFO | mt5_scalping | Calculated lot size: 0.1 (risk 1.5%, sl=70.0 pips)
2025-11-04 08:13:29,646 | ERROR | mt5_scalping | Order failed: 10016 - Invalid stops
2025-11-04 08:13:32,653 | INFO | mt5_scalping | Calculated lot size: 0.1 (risk 1.5%, sl=70.0 pips)
2025-11-04 08:13:32,791 | INFO | mt5_scalping | Order sent: BUY 0.05 XAUUSD @ 3989.592 | SL=3989.522 TP=3989.802
2025-11-04 08:13:35,798 | INFO | mt5_scalping | Calculated lot size: 0.1 (risk 1.5%, sl=70.0 pips)
2025-11-04 08:13:35,936 | INFO | mt5_scalping | Order sent: BUY 0.05 XAUUSD @ 3989.529 | SL=3989.459 TP=3989.739
2025-11-04 08:13:38,945 | INFO | mt5_scalping | Calculated lot size: 0.1 (risk 1.5%, sl=70.0 pips)
2025-11-04 08:13:39,005 | ERROR | mt5_scalping | Order failed: 10016 - Invalid stops
2025-11-04 08:13:42,013 | INFO | mt5_scalping | Calculated lot size: 0.1 (risk 1.5%, sl=70.0 pips)
2025-11-04 08:13:42,152 | INFO | mt5_scalping | Order sent: BUY 0.05 XAUUSD @ 3989.822 | SL=3989.752 TP=3990.032
2025-11-04 08:13:45,157 | INFO | mt5_scalping | Calculated lot size: 0.1 (risk 1.5%, sl=70.0 pips)
2025-11-04 08:13:45,300 | INFO | mt5_scalping | Order sent: BUY 0.05 XAUUSD @ 3990.402 | SL=3990.332 TP=3990.612
2025-11-04 08:13:48,302 | INFO | mt5_scalping | Calculated lot size: 0.1 (risk 1.5%, sl=70.0 pips)
2025-11-04 08:13:48,440 | INFO | mt5_scalping | Order sent: BUY 0.05 XAUUSD @ 3989.825 | SL=3989.7549999999997 TP=3990.035
2025-11-04 08:13:51,446 | INFO | mt5_scalping | Calculated lot size: 0.1 (risk 1.5%, sl=70.0 pips)
2025-11-04 08:13:51,581 | INFO | mt5_scalping | Order sent: BUY 0.05 XAUUSD @ 3990.282 | SL=3990.212 TP=3990.492
2025-11-04 08:13:54,589 | INFO | mt5_scalping | Calculated lot size: 0.1 (risk 1.5%, sl=70.0 pips)
2025-11-04 08:13:54,724 | INFO | mt5_scalping | Order sent: BUY 0.05 XAUUSD @ 3989.452 | SL=3989.382 TP=3989.6620000000003
2025-11-04 08:13:57,730 | INFO | mt5_scalping | Calculated lot size: 0.1 (risk 1.5%, sl=70.0 pips)
2025-11-04 08:13:57,867 | INFO | mt5_scalping | Order sent: BUY 0.05 XAUUSD @ 3989.081 | SL=3989.011 TP=3989.291
2025-11-04 08:14:00,376 | INFO | mt5_scalping | 🔌 Disconnected from MT5
2025-11-04 08:19:40,900 | INFO | mt5_scalping | ✅ Connected to MT5 (login=206523111)
2025-11-04 08:19:41,038 | INFO | mt5_scalping | Order sent: BUY 0.01 XAUUSD @ 3990.612 | SL=3990.542 TP=3990.822
2025-11-04 08:19:44,185 | INFO | mt5_scalping | Order sent: BUY 0.01 XAUUSD @ 3990.611 | SL=3990.5409999999997 TP=3990.821
2025-11-04 08:19:47,193 | INFO | mt5_scalping | All scalper positions closed. Cooling down for 5s before re-entry.
2025-11-04 08:19:52,195 | INFO | mt5_scalping | No clear direction at 2025-11-04 08:19:52.195825
2025-11-04 08:20:00,351 | INFO | mt5_scalping | Order sent: SELL 0.01 XAUUSD @ 3990.088 | SL=3990.1580000000004 TP=3989.878
2025-11-04 08:20:03,363 | INFO | mt5_scalping | All scalper positions closed. Cooling down for 5s before re-entry.
2025-11-04 08:20:21,420 | INFO | mt5_scalping | 🔌 Disconnected from MT5
2025-11-04 08:26:14,780 | INFO | mt5_scalping | ✅ Connected to MT5 (login=206523111)
2025-11-04 08:26:14,830 | ERROR | mt5_scalping | Order failed: 10016 - Invalid stops
2025-11-04 08:26:15,972 | INFO | mt5_scalping | Order sent: SELL 0.01 XAUUSD @ 3985.408 | SL=3985.478 TP=3985.303
2025-11-04 08:26:18,984 | INFO | mt5_scalping | All scalper positions closed. Cooling down for 5s before re-entry.
2025-11-04 08:26:24,129 | INFO | mt5_scalping | Order sent: SELL 0.01 XAUUSD @ 3985.637 | SL=3985.7070000000003 TP=3985.532
2025-11-04 08:26:27,139 | INFO | mt5_scalping | All scalper positions closed. Cooling down for 5s before re-entry.
2025-11-04 08:26:32,280 | INFO | mt5_scalping | Order sent: SELL 0.01 XAUUSD @ 3985.09 | SL=3985.1600000000003 TP=3984.985
2025-11-04 08:26:35,428 | INFO | mt5_scalping | Order sent: SELL 0.01 XAUUSD @ 3985.051 | SL=3985.121 TP=3984.946
2025-11-04 08:26:38,438 | INFO | mt5_scalping | All scalper positions closed. Cooling down for 5s before re-entry.
2025-11-04 08:26:45,541 | ERROR | mt5_scalping | Order failed: 10011 - Scalping Bot
2025-11-04 08:26:46,690 | INFO | mt5_scalping | Order sent: SELL 0.01 XAUUSD @ 3984.646 | SL=3984.7160000000003 TP=3984.541
2025-11-04 08:26:49,700 | INFO | mt5_scalping | All scalper positions closed. Cooling down for 5s before re-entry.
2025-11-04 08:26:54,845 | INFO | mt5_scalping | Order sent: SELL 0.01 XAUUSD @ 3981.828 | SL=3981.898 TP=3981.723
2025-11-04 08:26:57,852 | INFO | mt5_scalping | All scalper positions closed. Cooling down for 5s before re-entry.
2025-11-04 08:27:04,941 | ERROR | mt5_scalping | Order failed: 10011 - Scalping Bot
2025-11-04 08:27:06,091 | INFO | mt5_scalping | Order sent: SELL 0.01 XAUUSD @ 3982.187 | SL=3982.257 TP=3982.082
2025-11-04 08:27:09,099 | INFO | mt5_scalping | All scalper positions closed. Cooling down for 5s before re-entry.
2025-11-04 08:27:14,247 | INFO | mt5_scalping | Order sent: SELL 0.01 XAUUSD @ 3981.489 | SL=3981.559 TP=3981.384
2025-11-04 08:27:17,263 | INFO | mt5_scalping | All scalper positions closed. Cooling down for 5s before re-entry.
2025-11-04 08:27:18,232 | INFO | mt5_scalping | 🔌 Disconnected from MT5
2025-11-04 08:31:54,601 | INFO | mt5_scalping | ✅ Connected to MT5 (login=206523111)
2025-11-04 08:31:54,741 | INFO | mt5_scalping | Order sent: SELL 0.01 XAUUSD @ 3984.165 | SL=3984.235 TP=3984.06
2025-11-04 08:31:57,748 | INFO | mt5_scalping | All scalper positions closed. Cooling down for 5s before re-entry.
2025-11-04 08:32:04,844 | ERROR | mt5_scalping | Order failed: 10011 - Scalping Bot
2025-11-04 08:32:07,930 | ERROR | mt5_scalping | Order failed: 10011 - Scalping Bot
2025-11-04 08:32:09,070 | INFO | mt5_scalping | Order sent: SELL 0.01 XAUUSD @ 3983.851 | SL=3983.9210000000003 TP=3983.746
2025-11-04 08:32:12,081 | INFO | mt5_scalping | All scalper positions closed. Cooling down for 5s before re-entry.
2025-11-04 08:32:17,221 | INFO | mt5_scalping | Order sent: SELL 0.01 XAUUSD @ 3982.989 | SL=3983.059 TP=3982.884
2025-11-04 08:32:20,237 | INFO | mt5_scalping | All scalper positions closed. Cooling down for 5s before re-entry.
2025-11-04 08:32:25,756 | INFO | mt5_scalping | Order sent: SELL 0.01 XAUUSD @ 3981.963 | SL=3982.0330000000004 TP=3981.858
2025-11-04 08:32:28,762 | INFO | mt5_scalping | All scalper positions closed. Cooling down for 5s before re-entry.
2025-11-04 08:32:35,813 | ERROR | mt5_scalping | Order failed: 10011 - Scalping Bot
2025-11-04 08:32:36,949 | INFO | mt5_scalping | Order sent: SELL 0.01 XAUUSD @ 3982.302 | SL=3982.3720000000003 TP=3982.197
2025-11-04 08:32:39,955 | INFO | mt5_scalping | All scalper positions closed. Cooling down for 5s before re-entry.
2025-11-04 08:32:45,273 | INFO | mt5_scalping | Order sent: SELL 0.01 XAUUSD @ 3979.801 | SL=3979.871 TP=3979.696
2025-11-04 08:32:48,283 | INFO | mt5_scalping | All scalper positions closed. Cooling down for 5s before re-entry.
2025-11-04 08:32:53,426 | INFO | mt5_scalping | Order sent: SELL 0.01 XAUUSD @ 3980.77 | SL=3980.84 TP=3980.665
2025-11-04 08:32:56,432 | INFO | mt5_scalping | All scalper positions closed. Cooling down for 5s before re-entry.
2025-11-04 08:32:56,980 | INFO | mt5_scalping | 🔌 Disconnected from MT5
2025-11-04 08:35:57,940 | INFO | mt5_scalping | ✅ Connected to MT5 (login=206523111)
2025-11-04 08:35:58,089 | INFO | mt5_scalping | Order sent: SELL 0.01 XAUUSD @ 3982.426 | SL=3982.496 TP=3982.286
2025-11-04 08:36:01,099 | INFO | mt5_scalping | All scalper positions closed. Cooling down for 5s before re-entry.
2025-11-04 08:36:06,157 | ERROR | mt5_scalping | Order failed: 10016 - Invalid stops
2025-11-04 08:36:07,295 | INFO | mt5_scalping | Order sent: SELL 0.01 XAUUSD @ 3982.148 | SL=3982.2180000000003 TP=3982.0080000000003
2025-11-04 08:36:10,301 | INFO | mt5_scalping | All scalper positions closed. Cooling down for 5s before re-entry.
2025-11-04 08:36:15,439 | INFO | mt5_scalping | Order sent: SELL 0.01 XAUUSD @ 3982.31 | SL=3982.38 TP=3982.17
2025-11-04 08:36:18,446 | INFO | mt5_scalping | All scalper positions closed. Cooling down for 5s before re-entry.
2025-11-04 08:36:23,496 | ERROR | mt5_scalping | Order failed: 10016 - Invalid stops
2025-11-04 08:36:24,635 | INFO | mt5_scalping | Order sent: SELL 0.01 XAUUSD @ 3979.878 | SL=3979.9480000000003 TP=3979.7380000000003
2025-11-04 08:36:27,647 | INFO | mt5_scalping | All scalper positions closed. Cooling down for 5s before re-entry.
2025-11-04 08:36:30,720 | INFO | mt5_scalping | 🔌 Disconnected from MT5
2025-11-04 08:43:11,421 | INFO | mt5_scalping | ✅ Connected to MT5 (login=206523111)
2025-11-04 08:43:11,423 | INFO | mt5_scalping | Starting new scalping batch: direction=BUY
2025-11-04 08:43:11,561 | INFO | mt5_scalping | Order sent: BUY 0.01 XAUUSD @ 3986.431 | SL=3986.361 TP=3986.571
2025-11-04 08:43:11,562 | INFO | mt5_scalping | Opened batch trade 1/3
2025-11-04 08:43:14,573 | INFO | mt5_scalping | All scalper positions closed. Cooling down for 5s before next batch.
2025-11-04 08:43:19,579 | INFO | mt5_scalping | Starting new scalping batch: direction=BUY
2025-11-04 08:43:19,715 | INFO | mt5_scalping | Order sent: BUY 0.01 XAUUSD @ 3986.921 | SL=3986.8509999999997 TP=3987.0609999999997
2025-11-04 08:43:19,715 | INFO | mt5_scalping | Opened batch trade 1/3
2025-11-04 08:43:22,725 | INFO | mt5_scalping | All scalper positions closed. Cooling down for 5s before next batch.
2025-11-04 08:43:27,727 | INFO | mt5_scalping | Starting new scalping batch: direction=BUY
2025-11-04 08:43:27,864 | INFO | mt5_scalping | Order sent: BUY 0.01 XAUUSD @ 3986.682 | SL=3986.6119999999996 TP=3986.8219999999997
2025-11-04 08:43:27,864 | INFO | mt5_scalping | Opened batch trade 1/3
2025-11-04 08:43:30,883 | INFO | mt5_scalping | All scalper positions closed. Cooling down for 5s before next batch.
2025-11-04 08:43:35,889 | INFO | mt5_scalping | Starting new scalping batch: direction=BUY
2025-11-04 08:43:36,026 | INFO | mt5_scalping | Order sent: BUY 0.01 XAUUSD @ 3986.292 | SL=3986.2219999999998 TP=3986.432
2025-11-04 08:43:36,026 | INFO | mt5_scalping | Opened batch trade 1/3
2025-11-04 08:43:39,037 | INFO | mt5_scalping | All scalper positions closed. Cooling down for 5s before next batch.
2025-11-04 08:43:44,039 | INFO | mt5_scalping | Starting new scalping batch: direction=BUY
2025-11-04 08:43:44,174 | INFO | mt5_scalping | Order sent: BUY 0.01 XAUUSD @ 3986.626 | SL=3986.556 TP=3986.766
2025-11-04 08:43:44,174 | INFO | mt5_scalping | Opened batch trade 1/3
2025-11-04 08:43:47,180 | INFO | mt5_scalping | All scalper positions closed. Cooling down for 5s before next batch.
2025-11-04 08:43:52,183 | INFO | mt5_scalping | Starting new scalping batch: direction=BUY
2025-11-04 08:43:52,329 | INFO | mt5_scalping | Order sent: BUY 0.01 XAUUSD @ 3987.056 | SL=3986.986 TP=3987.196
2025-11-04 08:43:52,330 | INFO | mt5_scalping | Opened batch trade 1/3
2025-11-04 08:43:55,477 | INFO | mt5_scalping | Order sent: BUY 0.01 XAUUSD @ 3987.139 | SL=3987.069 TP=3987.279
2025-11-04 08:43:55,477 | INFO | mt5_scalping | Opened batch trade 2/3
2025-11-04 08:43:58,626 | INFO | mt5_scalping | Order sent: BUY 0.01 XAUUSD @ 3987.228 | SL=3987.158 TP=3987.368
2025-11-04 08:43:58,627 | INFO | mt5_scalping | Opened batch trade 3/3
2025-11-04 08:44:01,633 | INFO | mt5_scalping | All scalper positions closed. Cooling down for 5s before next batch.
2025-11-04 08:44:06,635 | INFO | mt5_scalping | Starting new scalping batch: direction=BUY
2025-11-04 08:44:06,775 | INFO | mt5_scalping | Order sent: BUY 0.01 XAUUSD @ 3987.293 | SL=3987.223 TP=3987.433
2025-11-04 08:44:06,776 | INFO | mt5_scalping | Opened batch trade 1/3
2025-11-04 08:44:09,784 | INFO | mt5_scalping | All scalper positions closed. Cooling down for 5s before next batch.
2025-11-04 08:44:14,791 | INFO | mt5_scalping | Starting new scalping batch: direction=BUY
2025-11-04 08:44:14,928 | INFO | mt5_scalping | Order sent: BUY 0.01 XAUUSD @ 3987.133 | SL=3987.0629999999996 TP=3987.2729999999997
2025-11-04 08:44:14,929 | INFO | mt5_scalping | Opened batch trade 1/3
2025-11-04 08:44:15,704 | INFO | mt5_scalping | 🔌 Disconnected from MT5
2025-11-04 08:50:14,169 | INFO | mt5_scalping | ✅ Connected to MT5 (login=206523111)
2025-11-04 08:50:14,171 | INFO | mt5_scalping | No clear direction at 2025-11-04 08:50:14.171823
2025-11-04 08:50:44,271 | INFO | mt5_scalping | No clear direction at 2025-11-04 08:50:44.271949
2025-11-04 08:51:14,383 | INFO | mt5_scalping | No clear direction at 2025-11-04 08:51:14.383764
2025-11-04 08:51:44,469 | INFO | mt5_scalping | No clear direction at 2025-11-04 08:51:44.469185
2025-11-04 08:51:45,736 | INFO | mt5_scalping | 🔌 Disconnected from MT5
2025-11-04 08:51:50,035 | INFO | mt5_scalping | ✅ Connected to MT5 (login=206523111)
2025-11-04 08:51:50,037 | INFO | mt5_scalping | No clear direction at 2025-11-04 08:51:50.037173
2025-11-04 08:51:58,273 | INFO | mt5_scalping | 🔌 Disconnected from MT5
2025-11-04 08:52:00,546 | INFO | mt5_scalping | ✅ Connected to MT5 (login=206523111)
2025-11-04 08:52:00,548 | INFO | mt5_scalping | No clear direction at 2025-11-04 08:52:00.548560
2025-11-04 08:52:30,616 | INFO | mt5_scalping | No clear direction at 2025-11-04 08:52:30.616137
2025-11-04 08:53:00,714 | INFO | mt5_scalping | No clear direction at 2025-11-04 08:53:00.714560
2025-11-04 08:53:30,810 | INFO | mt5_scalping | No clear direction at 2025-11-04 08:53:30.810820
2025-11-04 08:53:59,304 | INFO | mt5_scalping | 🔌 Disconnected from MT5
2025-11-04 08:54:10,193 | INFO | mt5_scalping | ✅ Connected to MT5 (login=206523111)
2025-11-04 08:54:10,196 | INFO | mt5_scalping | No clear direction at 2025-11-04 08:54:10.196450
2025-11-04 08:54:40,319 | INFO | mt5_scalping | No clear direction at 2025-11-04 08:54:40.319150
2025-11-04 08:55:10,453 | INFO | mt5_scalping | No clear direction at 2025-11-04 08:55:10.453113
2025-11-04 08:55:40,536 | INFO | mt5_scalping | No clear direction at 2025-11-04 08:55:40.536857
2025-11-04 08:55:45,553 | INFO | mt5_scalping | Starting new scalping batch: direction=BUY
2025-11-04 08:55:45,694 | INFO | mt5_scalping | Order sent: BUY 0.01 XAUUSD @ 3989.135 | SL=3989.065 TP=3989.275
2025-11-04 08:55:45,696 | INFO | mt5_scalping | Opened batch trade 1/3
2025-11-04 08:55:49,713 | INFO | mt5_scalping | All scalper positions closed. Cooling down for 5s before next batch.
2025-11-04 08:55:54,715 | INFO | mt5_scalping | Starting new scalping batch: direction=BUY
2025-11-04 08:55:54,856 | INFO | mt5_scalping | Order sent: BUY 0.01 XAUUSD @ 3989.44 | SL=3989.37 TP=3989.58
2025-11-04 08:55:54,856 | INFO | mt5_scalping | Opened batch trade 1/3
2025-11-04 08:55:57,864 | INFO | mt5_scalping | All scalper positions closed. Cooling down for 5s before next batch.
2025-11-04 08:56:02,866 | INFO | mt5_scalping | Starting new scalping batch: direction=BUY
2025-11-04 08:56:03,001 | INFO | mt5_scalping | Order sent: BUY 0.01 XAUUSD @ 3989.753 | SL=3989.683 TP=3989.893
2025-11-04 08:56:03,001 | INFO | mt5_scalping | Opened batch trade 1/3
2025-11-04 08:56:06,013 | INFO | mt5_scalping | All scalper positions closed. Cooling down for 5s before next batch.
2025-11-04 08:56:11,021 | INFO | mt5_scalping | Starting new scalping batch: direction=BUY
2025-11-04 08:56:11,168 | INFO | mt5_scalping | Order sent: BUY 0.01 XAUUSD @ 3989.871 | SL=3989.801 TP=3990.011
2025-11-04 08:56:11,168 | INFO | mt5_scalping | Opened batch trade 1/3
2025-11-04 08:56:14,180 | INFO | mt5_scalping | All scalper positions closed. Cooling down for 5s before next batch.
2025-11-04 08:56:19,187 | INFO | mt5_scalping | Starting new scalping batch: direction=BUY
2025-11-04 08:56:19,330 | INFO | mt5_scalping | Order sent: BUY 0.01 XAUUSD @ 3990.139 | SL=3990.069 TP=3990.279
2025-11-04 08:56:19,331 | INFO | mt5_scalping | Opened batch trade 1/3
2025-11-04 08:56:22,345 | INFO | mt5_scalping | All scalper positions closed. Cooling down for 5s before next batch.
2025-11-04 08:56:27,347 | INFO | mt5_scalping | Starting new scalping batch: direction=BUY
2025-11-04 08:56:27,485 | INFO | mt5_scalping | Order sent: BUY 0.01 XAUUSD @ 3989.563 | SL=3989.493 TP=3989.703
2025-11-04 08:56:27,485 | INFO | mt5_scalping | Opened batch trade 1/3
2025-11-04 08:56:30,491 | INFO | mt5_scalping | All scalper positions closed. Cooling down for 5s before next batch.
2025-11-04 08:56:35,493 | INFO | mt5_scalping | Starting new scalping batch: direction=BUY
2025-11-04 08:56:35,636 | INFO | mt5_scalping | Order sent: BUY 0.01 XAUUSD @ 3989.454 | SL=3989.384 TP=3989.594
2025-11-04 08:56:35,636 | INFO | mt5_scalping | Opened batch trade 1/3
2025-11-04 08:56:38,644 | INFO | mt5_scalping | No clear direction at 2025-11-04 08:56:38.644180
2025-11-04 08:56:39,651 | INFO | mt5_scalping | All scalper positions closed. Cooling down for 5s before next batch.
2025-11-04 08:57:08,730 | INFO | mt5_scalping | No clear direction at 2025-11-04 08:57:08.730226
2025-11-04 08:57:11,746 | INFO | mt5_scalping | Starting new scalping batch: direction=BUY
2025-11-04 08:57:11,799 | ERROR | mt5_scalping | Order failed: 10016 - Invalid stops
2025-11-04 08:57:38,901 | INFO | mt5_scalping | No clear direction at 2025-11-04 08:57:38.901793
2025-11-04 08:58:09,002 | INFO | mt5_scalping | No clear direction at 2025-11-04 08:58:09.002032
2025-11-04 08:58:21,092 | ERROR | mt5_scalping | Order failed: 10016 - Invalid stops
2025-11-04 08:58:39,145 | INFO | mt5_scalping | No clear direction at 2025-11-04 08:58:39.145529
2025-11-04 08:59:09,214 | INFO | mt5_scalping | No clear direction at 2025-11-04 08:59:09.214928
2025-11-04 08:59:39,350 | INFO | mt5_scalping | No clear direction at 2025-11-04 08:59:39.350932
2025-11-04 09:00:30,161 | INFO | mt5_scalping | 🔌 Disconnected from MT5
2025-11-04 09:13:39,016 | INFO | mt5_trader | ✅ Connected to MT5
2025-11-04 09:13:39,016 | INFO | mt5_trader | 📊 Account: 206523111
2025-11-04 09:13:39,016 | INFO | mt5_trader | 💰 Balance: $96.68
2025-11-04 09:13:39,016 | INFO | mt5_trader | 📈 Equity: $140.83
2025-11-04 09:13:39,017 | INFO | mt5_trader | 🌐 Server: Exness-MT5Trial7
2025-11-04 09:13:39,163 | INFO | mt5_trader | ✅ Order sent: SELL 0.01 lots XAUUSD @ 3977.364
2025-11-04 09:13:39,164 | INFO | mt5_trader | 📋 Order ID: 2607730789
2025-11-04 09:13:39,165 | INFO | mt5_trader | 💰 SL: 3985.27283078973, TP: 3964.18261535045
2025-11-04 09:13:39,166 | INFO | mt5_trader | #0001 🎯 SELL @ $3977.36 | Lots: 0.01 | OrderID: 2607730789 | SL: 3985.27283078973 | TP: 3964.18261535045
2025-11-04 09:13:39,810 | INFO | mt5_trader | ✅ Order sent: SELL 0.01 lots XAUUSD @ 3977.366
2025-11-04 09:13:39,810 | INFO | mt5_trader | 📋 Order ID: 2607730817
2025-11-04 09:13:39,810 | INFO | mt5_trader | 💰 SL: 3985.27283078973, TP: 3964.18261535045
2025-11-04 09:13:39,810 | INFO | mt5_trader | #0002 🎯 SELL @ $3977.37 | Lots: 0.01 | OrderID: 2607730817 | SL: 3985.27283078973 | TP: 3964.18261535045
2025-11-04 09:13:40,447 | INFO | mt5_trader | ✅ Order sent: SELL 0.01 lots XAUUSD @ 3977.464
2025-11-04 09:13:40,448 | INFO | mt5_trader | 📋 Order ID: 2607730872
2025-11-04 09:13:40,448 | INFO | mt5_trader | 💰 SL: 3985.27283078973, TP: 3964.18261535045
2025-11-04 09:13:40,448 | INFO | mt5_trader | #0003 🎯 SELL @ $3977.46 | Lots: 0.01 | OrderID: 2607730872 | SL: 3985.27283078973 | TP: 3964.18261535045
2025-11-04 09:14:52,396 | INFO | mt5_trader | 🔌 Disconnected from MT5
2025-11-04 09:15:01,945 | INFO | mt5_trader | ✅ Connected to MT5
2025-11-04 09:15:01,946 | INFO | mt5_trader | 📊 Account: 206523111
2025-11-04 09:15:01,946 | INFO | mt5_trader | 💰 Balance: $152.78
2025-11-04 09:15:01,946 | INFO | mt5_trader | 📈 Equity: $152.78
2025-11-04 09:15:01,946 | INFO | mt5_trader | 🌐 Server: Exness-MT5Trial7
2025-11-04 09:15:02,090 | INFO | mt5_trader | ✅ Order sent: SELL 0.01 lots XAUUSD @ 3977.21
2025-11-04 09:15:02,090 | INFO | mt5_trader | 📋 Order ID: 2607738967
2025-11-04 09:15:02,090 | INFO | mt5_trader | 💰 SL: 3984.2251066844337, TP: 3965.5181555259437
2025-11-04 09:15:02,091 | INFO | mt5_trader | #0001 🎯 SELL @ $3977.21 | Lots: 0.01 | OrderID: 2607738967 | SL: 3984.2251066844337 | TP: 3965.5181555259437
2025-11-04 09:15:02,737 | INFO | mt5_trader | ✅ Order sent: SELL 0.01 lots XAUUSD @ 3977.416
2025-11-04 09:15:02,737 | INFO | mt5_trader | 📋 Order ID: 2607739009
2025-11-04 09:15:02,737 | INFO | mt5_trader | 💰 SL: 3984.2251066844337, TP: 3965.5181555259437
2025-11-04 09:15:02,737 | INFO | mt5_trader | #0002 🎯 SELL @ $3977.42 | Lots: 0.01 | OrderID: 2607739009 | SL: 3984.2251066844337 | TP: 3965.5181555259437
2025-11-04 09:15:03,375 | INFO | mt5_trader | ✅ Order sent: SELL 0.01 lots XAUUSD @ 3977.692
2025-11-04 09:15:03,375 | INFO | mt5_trader | 📋 Order ID: 2607739100
2025-11-04 09:15:03,375 | INFO | mt5_trader | 💰 SL: 3984.2251066844337, TP: 3965.5181555259437
2025-11-04 09:15:03,375 | INFO | mt5_trader | #0003 🎯 SELL @ $3977.69 | Lots: 0.01 | OrderID: 2607739100 | SL: 3984.2251066844337 | TP: 3965.5181555259437
2025-11-04 09:18:15,364 | INFO | mt5_trader | 🔌 Disconnected from MT5
2025-11-04 09:18:17,222 | INFO | mt5_trader | ✅ Connected to MT5
2025-11-04 09:18:17,222 | INFO | mt5_trader | 📊 Account: 206523111
2025-11-04 09:18:17,222 | INFO | mt5_trader | 💰 Balance: $152.57
2025-11-04 09:18:17,222 | INFO | mt5_trader | 📈 Equity: $145.77
2025-11-04 09:18:17,222 | INFO | mt5_trader | 🌐 Server: Exness-MT5Trial7
2025-11-04 09:20:17,432 | INFO | mt5_trader | 🔌 Disconnected from MT5
2025-11-04 09:20:34,697 | INFO | mt5_trader | ✅ Connected to MT5
2025-11-04 09:20:34,697 | INFO | mt5_trader | 📊 Account: 206523111
2025-11-04 09:20:34,697 | INFO | mt5_trader | 💰 Balance: $152.57
2025-11-04 09:20:34,697 | INFO | mt5_trader | 📈 Equity: $145.23
2025-11-04 09:20:34,698 | INFO | mt5_trader | 🌐 Server: Exness-MT5Trial7
2025-11-04 09:20:56,723 | INFO | mt5_trader | 🔌 Disconnected from MT5
2025-11-04 09:21:00,037 | INFO | mt5_trader | ✅ Connected to MT5
2025-11-04 09:21:00,038 | INFO | mt5_trader | 📊 Account: 206523111
2025-11-04 09:21:00,038 | INFO | mt5_trader | 💰 Balance: $143.74
2025-11-04 09:21:00,038 | INFO | mt5_trader | 📈 Equity: $143.74
2025-11-04 09:21:00,038 | INFO | mt5_trader | 🌐 Server: Exness-MT5Trial7
2025-11-04 09:21:00,044 | INFO | mt5_trader | FORCE_BUY_ONLY active — ignoring SELL signal (SELL)
2025-11-04 09:21:01,051 | INFO | mt5_trader | FORCE_BUY_ONLY active — ignoring SELL signal (SELL)
2025-11-04 09:21:02,057 | INFO | mt5_trader | FORCE_BUY_ONLY active — ignoring SELL signal (SELL)
2025-11-04 09:21:03,068 | INFO | mt5_trader | FORCE_BUY_ONLY active — ignoring SELL signal (SELL)
2025-11-04 09:21:04,090 | INFO | mt5_trader | FORCE_BUY_ONLY active — ignoring SELL signal (SELL)
2025-11-04 09:21:05,096 | INFO | mt5_trader | FORCE_BUY_ONLY active — ignoring SELL signal (SELL)
2025-11-04 09:21:06,103 | INFO | mt5_trader | FORCE_BUY_ONLY active — ignoring SELL signal (SELL)
2025-11-04 09:21:07,110 | INFO | mt5_trader | FORCE_BUY_ONLY active — ignoring SELL signal (SELL)
2025-11-04 09:21:08,117 | INFO | mt5_trader | FORCE_BUY_ONLY active — ignoring SELL signal (SELL)
2025-11-04 09:21:09,122 | INFO | mt5_trader | FORCE_BUY_ONLY active — ignoring SELL signal (SELL)
2025-11-04 09:21:10,129 | INFO | mt5_trader | FORCE_BUY_ONLY active — ignoring SELL signal (SELL)
2025-11-04 09:21:11,135 | INFO | mt5_trader | FORCE_BUY_ONLY active — ignoring SELL signal (SELL)
2025-11-04 09:21:12,142 | INFO | mt5_trader | FORCE_BUY_ONLY active — ignoring SELL signal (SELL)
2025-11-04 09:21:13,148 | INFO | mt5_trader | FORCE_BUY_ONLY active — ignoring SELL signal (SELL)
2025-11-04 09:21:14,155 | INFO | mt5_trader | FORCE_BUY_ONLY active — ignoring SELL signal (SELL)
2025-11-04 09:21:15,160 | INFO | mt5_trader | FORCE_BUY_ONLY active — ignoring SELL signal (SELL)
2025-11-04 09:21:16,171 | INFO | mt5_trader | FORCE_BUY_ONLY active — ignoring SELL signal (SELL)
2025-11-04 09:21:17,176 | INFO | mt5_trader | FORCE_BUY_ONLY active — ignoring SELL signal (SELL)
2025-11-04 09:21:18,183 | INFO | mt5_trader | FORCE_BUY_ONLY active — ignoring SELL signal (SELL)
2025-11-04 09:21:19,189 | INFO | mt5_trader | FORCE_BUY_ONLY active — ignoring SELL signal (SELL)
2025-11-04 09:21:20,199 | INFO | mt5_trader | FORCE_BUY_ONLY active — ignoring SELL signal (SELL)
2025-11-04 09:21:21,206 | INFO | mt5_trader | FORCE_BUY_ONLY active — ignoring SELL signal (SELL)
2025-11-04 09:21:22,213 | INFO | mt5_trader | FORCE_BUY_ONLY active — ignoring SELL signal (SELL)
2025-11-04 09:21:23,226 | INFO | mt5_trader | FORCE_BUY_ONLY active — ignoring SELL signal (SELL)
2025-11-04 09:21:24,232 | INFO | mt5_trader | FORCE_BUY_ONLY active — ignoring SELL signal (SELL)
2025-11-04 09:21:25,238 | INFO | mt5_trader | FORCE_BUY_ONLY active — ignoring SELL signal (SELL)
2025-11-04 09:21:26,247 | INFO | mt5_trader | FORCE_BUY_ONLY active — ignoring SELL signal (SELL)
2025-11-04 09:21:27,258 | INFO | mt5_trader | FORCE_BUY_ONLY active — ignoring SELL signal (SELL)
2025-11-04 09:21:28,270 | INFO | mt5_trader | FORCE_BUY_ONLY active — ignoring SELL signal (SELL)
2025-11-04 09:21:29,279 | INFO | mt5_trader | FORCE_BUY_ONLY active — ignoring SELL signal (SELL)
2025-11-04 09:21:30,287 | INFO | mt5_trader | FORCE_BUY_ONLY active — ignoring SELL signal (SELL)
2025-11-04 09:21:31,298 | INFO | mt5_trader | FORCE_BUY_ONLY active — ignoring SELL signal (SELL)
2025-11-04 09:21:32,303 | INFO | mt5_trader | FORCE_BUY_ONLY active — ignoring SELL signal (SELL)
2025-11-04 09:21:33,313 | INFO | mt5_trader | FORCE_BUY_ONLY active — ignoring SELL signal (SELL)
2025-11-04 09:21:34,321 | INFO | mt5_trader | FORCE_BUY_ONLY active — ignoring SELL signal (SELL)
2025-11-04 09:21:35,328 | INFO | mt5_trader | FORCE_BUY_ONLY active — ignoring SELL signal (SELL)
2025-11-04 09:21:36,334 | INFO | mt5_trader | FORCE_BUY_ONLY active — ignoring SELL signal (SELL)
2025-11-04 09:21:37,340 | INFO | mt5_trader | FORCE_BUY_ONLY active — ignoring SELL signal (SELL)
2025-11-04 09:21:38,349 | INFO | mt5_trader | FORCE_BUY_ONLY active — ignoring SELL signal (SELL)
2025-11-04 09:21:39,355 | INFO | mt5_trader | FORCE_BUY_ONLY active — ignoring SELL signal (SELL)
2025-11-04 09:21:40,365 | INFO | mt5_trader | FORCE_BUY_ONLY active — ignoring SELL signal (SELL)
2025-11-04 09:21:41,377 | INFO | mt5_trader | FORCE_BUY_ONLY active — ignoring SELL signal (SELL)
2025-11-04 09:21:42,385 | INFO | mt5_trader | FORCE_BUY_ONLY active — ignoring SELL signal (SELL)
2025-11-04 09:21:43,396 | INFO | mt5_trader | FORCE_BUY_ONLY active — ignoring SELL signal (SELL)
2025-11-04 09:21:44,407 | INFO | mt5_trader | FORCE_BUY_ONLY active — ignoring SELL signal (SELL)
2025-11-04 09:21:45,414 | INFO | mt5_trader | FORCE_BUY_ONLY active — ignoring SELL signal (SELL)
2025-11-04 09:21:46,420 | INFO | mt5_trader | FORCE_BUY_ONLY active — ignoring SELL signal (SELL)
2025-11-04 09:21:47,430 | INFO | mt5_trader | FORCE_BUY_ONLY active — ignoring SELL signal (SELL)
2025-11-04 09:21:48,436 | INFO | mt5_trader | FORCE_BUY_ONLY active — ignoring SELL signal (SELL)
2025-11-04 09:21:49,442 | INFO | mt5_trader | FORCE_BUY_ONLY active — ignoring SELL signal (SELL)
2025-11-04 09:21:50,452 | INFO | mt5_trader | FORCE_BUY_ONLY active — ignoring SELL signal (SELL)
2025-11-04 09:21:51,458 | INFO | mt5_trader | FORCE_BUY_ONLY active — ignoring SELL signal (SELL)
2025-11-04 09:21:52,464 | INFO | mt5_trader | FORCE_BUY_ONLY active — ignoring SELL signal (SELL)
2025-11-04 09:21:53,471 | INFO | mt5_trader | FORCE_BUY_ONLY active — ignoring SELL signal (SELL)
2025-11-04 09:21:54,481 | INFO | mt5_trader | FORCE_BUY_ONLY active — ignoring SELL signal (SELL)
2025-11-04 09:21:55,491 | INFO | mt5_trader | FORCE_BUY_ONLY active — ignoring SELL signal (SELL)
2025-11-04 09:21:56,501 | INFO | mt5_trader | FORCE_BUY_ONLY active — ignoring SELL signal (SELL)
2025-11-04 09:21:57,508 | INFO | mt5_trader | FORCE_BUY_ONLY active — ignoring SELL signal (SELL)
2025-11-04 09:21:58,515 | INFO | mt5_trader | FORCE_BUY_ONLY active — ignoring SELL signal (SELL)
2025-11-04 09:21:59,526 | INFO | mt5_trader | FORCE_BUY_ONLY active — ignoring SELL signal (SELL)
2025-11-04 09:22:00,541 | INFO | mt5_trader | FORCE_BUY_ONLY active — ignoring SELL signal (SELL)
2025-11-04 09:22:01,562 | INFO | mt5_trader | FORCE_BUY_ONLY active — ignoring SELL signal (SELL)
2025-11-04 09:22:02,568 | INFO | mt5_trader | FORCE_BUY_ONLY active — ignoring SELL signal (SELL)
2025-11-04 09:22:03,574 | INFO | mt5_trader | FORCE_BUY_ONLY active — ignoring SELL signal (SELL)
2025-11-04 09:22:04,580 | INFO | mt5_trader | FORCE_BUY_ONLY active — ignoring SELL signal (SELL)
2025-11-04 09:22:05,586 | INFO | mt5_trader | FORCE_BUY_ONLY active — ignoring SELL signal (SELL)
2025-11-04 09:22:06,597 | INFO | mt5_trader | FORCE_BUY_ONLY active — ignoring SELL signal (SELL)
2025-11-04 09:22:07,614 | INFO | mt5_trader | FORCE_BUY_ONLY active — ignoring SELL signal (SELL)
2025-11-04 09:22:08,621 | INFO | mt5_trader | FORCE_BUY_ONLY active — ignoring SELL signal (SELL)
2025-11-04 09:22:09,634 | INFO | mt5_trader | FORCE_BUY_ONLY active — ignoring SELL signal (SELL)
2025-11-04 09:22:10,640 | INFO | mt5_trader | FORCE_BUY_ONLY active — ignoring SELL signal (SELL)
2025-11-04 09:22:11,647 | INFO | mt5_trader | FORCE_BUY_ONLY active — ignoring SELL signal (SELL)
2025-11-04 09:22:12,658 | INFO | mt5_trader | FORCE_BUY_ONLY active — ignoring SELL signal (SELL)
2025-11-04 09:22:13,665 | INFO | mt5_trader | FORCE_BUY_ONLY active — ignoring SELL signal (SELL)
2025-11-04 09:22:14,676 | INFO | mt5_trader | FORCE_BUY_ONLY active — ignoring SELL signal (SELL)
2025-11-04 09:22:15,687 | INFO | mt5_trader | FORCE_BUY_ONLY active — ignoring SELL signal (SELL)
2025-11-04 09:22:16,697 | INFO | mt5_trader | FORCE_BUY_ONLY active — ignoring SELL signal (SELL)
2025-11-04 09:22:17,707 | INFO | mt5_trader | FORCE_BUY_ONLY active — ignoring SELL signal (SELL)
2025-11-04 09:22:18,736 | INFO | mt5_trader | FORCE_BUY_ONLY active — ignoring SELL signal (SELL)
2025-11-04 09:22:19,745 | INFO | mt5_trader | FORCE_BUY_ONLY active — ignoring SELL signal (SELL)
2025-11-04 09:22:20,751 | INFO | mt5_trader | FORCE_BUY_ONLY active — ignoring SELL signal (SELL)
2025-11-04 09:22:21,757 | INFO | mt5_trader | FORCE_BUY_ONLY active — ignoring SELL signal (SELL)
2025-11-04 09:22:22,767 | INFO | mt5_trader | FORCE_BUY_ONLY active — ignoring SELL signal (SELL)
2025-11-04 09:22:23,778 | INFO | mt5_trader | FORCE_BUY_ONLY active — ignoring SELL signal (SELL)
2025-11-04 09:22:24,785 | INFO | mt5_trader | FORCE_BUY_ONLY active — ignoring SELL signal (SELL)
2025-11-04 09:22:25,791 | INFO | mt5_trader | FORCE_BUY_ONLY active — ignoring SELL signal (SELL)
2025-11-04 09:22:26,801 | INFO | mt5_trader | FORCE_BUY_ONLY active — ignoring SELL signal (SELL)
2025-11-04 09:22:27,818 | INFO | mt5_trader | FORCE_BUY_ONLY active — ignoring SELL signal (SELL)
2025-11-04 09:22:28,824 | INFO | mt5_trader | FORCE_BUY_ONLY active — ignoring SELL signal (SELL)
2025-11-04 09:22:29,845 | INFO | mt5_trader | FORCE_BUY_ONLY active — ignoring SELL signal (SELL)
2025-11-04 09:22:30,855 | INFO | mt5_trader | FORCE_BUY_ONLY active — ignoring SELL signal (SELL)
2025-11-04 09:22:31,862 | INFO | mt5_trader | FORCE_BUY_ONLY active — ignoring SELL signal (SELL)
2025-11-04 09:22:32,869 | INFO | mt5_trader | FORCE_BUY_ONLY active — ignoring SELL signal (SELL)
2025-11-04 09:22:33,875 | INFO | mt5_trader | FORCE_BUY_ONLY active — ignoring SELL signal (SELL)
2025-11-04 09:22:34,893 | INFO | mt5_trader | FORCE_BUY_ONLY active — ignoring SELL signal (SELL)
2025-11-04 09:22:35,901 | INFO | mt5_trader | FORCE_BUY_ONLY active — ignoring SELL signal (SELL)
2025-11-04 09:22:36,907 | INFO | mt5_trader | FORCE_BUY_ONLY active — ignoring SELL signal (SELL)
2025-11-04 09:22:37,914 | INFO | mt5_trader | FORCE_BUY_ONLY active — ignoring SELL signal (SELL)
2025-11-04 09:22:38,920 | INFO | mt5_trader | FORCE_BUY_ONLY active — ignoring SELL signal (SELL)
2025-11-04 09:22:39,927 | INFO | mt5_trader | FORCE_BUY_ONLY active — ignoring SELL signal (SELL)
2025-11-04 09:22:40,935 | INFO | mt5_trader | FORCE_BUY_ONLY active — ignoring SELL signal (SELL)
2025-11-04 09:22:41,944 | INFO | mt5_trader | FORCE_BUY_ONLY active — ignoring SELL signal (SELL)
2025-11-04 09:22:42,956 | INFO | mt5_trader | FORCE_BUY_ONLY active — ignoring SELL signal (SELL)
2025-11-04 09:22:43,962 | INFO | mt5_trader | FORCE_BUY_ONLY active — ignoring SELL signal (SELL)
2025-11-04 09:22:44,978 | INFO | mt5_trader | FORCE_BUY_ONLY active — ignoring SELL signal (SELL)
2025-11-04 09:22:45,987 | INFO | mt5_trader | FORCE_BUY_ONLY active — ignoring SELL signal (SELL)
2025-11-04 09:22:46,996 | INFO | mt5_trader | FORCE_BUY_ONLY active — ignoring SELL signal (SELL)
2025-11-04 09:22:48,002 | INFO | mt5_trader | FORCE_BUY_ONLY active — ignoring SELL signal (SELL)
2025-11-04 09:22:49,013 | INFO | mt5_trader | FORCE_BUY_ONLY active — ignoring SELL signal (SELL)
2025-11-04 09:22:50,023 | INFO | mt5_trader | FORCE_BUY_ONLY active — ignoring SELL signal (SELL)
2025-11-04 09:22:51,033 | INFO | mt5_trader | FORCE_BUY_ONLY active — ignoring SELL signal (SELL)
2025-11-04 09:22:52,054 | INFO | mt5_trader | FORCE_BUY_ONLY active — ignoring SELL signal (SELL)
2025-11-04 09:22:53,062 | INFO | mt5_trader | FORCE_BUY_ONLY active — ignoring SELL signal (SELL)
2025-11-04 09:22:54,068 | INFO | mt5_trader | FORCE_BUY_ONLY active — ignoring SELL signal (SELL)
2025-11-04 09:22:55,082 | INFO | mt5_trader | FORCE_BUY_ONLY active — ignoring SELL signal (SELL)
2025-11-04 09:22:56,104 | INFO | mt5_trader | FORCE_BUY_ONLY active — ignoring SELL signal (SELL)
2025-11-04 09:22:57,124 | INFO | mt5_trader | FORCE_BUY_ONLY active — ignoring SELL signal (SELL)
2025-11-04 09:22:58,138 | INFO | mt5_trader | FORCE_BUY_ONLY active — ignoring SELL signal (SELL)
2025-11-04 09:22:59,148 | INFO | mt5_trader | FORCE_BUY_ONLY active — ignoring SELL signal (SELL)
2025-11-04 09:23:00,154 | INFO | mt5_trader | FORCE_BUY_ONLY active — ignoring SELL signal (SELL)
2025-11-04 09:23:01,160 | INFO | mt5_trader | FORCE_BUY_ONLY active — ignoring SELL signal (SELL)
2025-11-04 09:23:02,182 | INFO | mt5_trader | FORCE_BUY_ONLY active — ignoring SELL signal (SELL)
2025-11-04 09:23:03,188 | INFO | mt5_trader | FORCE_BUY_ONLY active — ignoring SELL signal (SELL)
2025-11-04 09:23:04,194 | INFO | mt5_trader | FORCE_BUY_ONLY active — ignoring SELL signal (SELL)
2025-11-04 09:23:05,204 | INFO | mt5_trader | FORCE_BUY_ONLY active — ignoring SELL signal (SELL)
2025-11-04 09:23:06,215 | INFO | mt5_trader | FORCE_BUY_ONLY active — ignoring SELL signal (SELL)
2025-11-04 09:23:07,225 | INFO | mt5_trader | FORCE_BUY_ONLY active — ignoring SELL signal (SELL)
2025-11-04 09:23:08,235 | INFO | mt5_trader | FORCE_BUY_ONLY active — ignoring SELL signal (SELL)
2025-11-04 09:23:09,244 | INFO | mt5_trader | FORCE_BUY_ONLY active — ignoring SELL signal (SELL)
2025-11-04 09:23:10,254 | INFO | mt5_trader | FORCE_BUY_ONLY active — ignoring SELL signal (SELL)
2025-11-04 09:23:11,265 | INFO | mt5_trader | FORCE_BUY_ONLY active — ignoring SELL signal (SELL)
2025-11-04 09:23:12,275 | INFO | mt5_trader | FORCE_BUY_ONLY active — ignoring SELL signal (SELL)
2025-11-04 09:23:13,282 | INFO | mt5_trader | FORCE_BUY_ONLY active — ignoring SELL signal (SELL)
2025-11-04 09:23:14,288 | INFO | mt5_trader | FORCE_BUY_ONLY active — ignoring SELL signal (SELL)
2025-11-04 09:23:15,308 | INFO | mt5_trader | FORCE_BUY_ONLY active — ignoring SELL signal (SELL)
2025-11-04 09:23:16,318 | INFO | mt5_trader | FORCE_BUY_ONLY active — ignoring SELL signal (SELL)
2025-11-04 09:23:17,325 | INFO | mt5_trader | FORCE_BUY_ONLY active — ignoring SELL signal (SELL)
2025-11-04 09:23:18,332 | INFO | mt5_trader | FORCE_BUY_ONLY active — ignoring SELL signal (SELL)
2025-11-04 09:23:19,338 | INFO | mt5_trader | FORCE_BUY_ONLY active — ignoring SELL signal (SELL)
2025-11-04 09:23:20,348 | INFO | mt5_trader | FORCE_BUY_ONLY active — ignoring SELL signal (SELL)
2025-11-04 09:23:21,355 | INFO | mt5_trader | FORCE_BUY_ONLY active — ignoring SELL signal (SELL)
2025-11-04 09:23:22,361 | INFO | mt5_trader | FORCE_BUY_ONLY active — ignoring SELL signal (SELL)
2025-11-04 09:23:23,390 | INFO | mt5_trader | FORCE_BUY_ONLY active — ignoring SELL signal (SELL)
2025-11-04 09:23:24,401 | INFO | mt5_trader | FORCE_BUY_ONLY active — ignoring SELL signal (SELL)
2025-11-04 09:23:25,410 | INFO | mt5_trader | FORCE_BUY_ONLY active — ignoring SELL signal (SELL)
2025-11-04 09:23:26,432 | INFO | mt5_trader | FORCE_BUY_ONLY active — ignoring SELL signal (SELL)
2025-11-04 09:23:27,441 | INFO | mt5_trader | FORCE_BUY_ONLY active — ignoring SELL signal (SELL)
2025-11-04 09:23:28,448 | INFO | mt5_trader | FORCE_BUY_ONLY active — ignoring SELL signal (SELL)
2025-11-04 09:23:29,458 | INFO | mt5_trader | FORCE_BUY_ONLY active — ignoring SELL signal (SELL)
2025-11-04 09:23:30,464 | INFO | mt5_trader | FORCE_BUY_ONLY active — ignoring SELL signal (SELL)
2025-11-04 09:23:31,482 | INFO | mt5_trader | FORCE_BUY_ONLY active — ignoring SELL signal (SELL)
2025-11-04 09:23:32,490 | INFO | mt5_trader | FORCE_BUY_ONLY active — ignoring SELL signal (SELL)
2025-11-04 09:23:33,501 | INFO | mt5_trader | FORCE_BUY_ONLY active — ignoring SELL signal (SELL)
2025-11-04 09:23:34,508 | INFO | mt5_trader | FORCE_BUY_ONLY active — ignoring SELL signal (SELL)
2025-11-04 09:23:35,514 | INFO | mt5_trader | FORCE_BUY_ONLY active — ignoring SELL signal (SELL)
2025-11-04 09:23:36,525 | INFO | mt5_trader | FORCE_BUY_ONLY active — ignoring SELL signal (SELL)
2025-11-04 09:23:37,530 | INFO | mt5_trader | FORCE_BUY_ONLY active — ignoring SELL signal (SELL)
2025-11-04 09:23:38,541 | INFO | mt5_trader | FORCE_BUY_ONLY active — ignoring SELL signal (SELL)
2025-11-04 09:23:39,547 | INFO | mt5_trader | FORCE_BUY_ONLY active — ignoring SELL signal (SELL)
2025-11-04 09:23:40,553 | INFO | mt5_trader | FORCE_BUY_ONLY active — ignoring SELL signal (SELL)
2025-11-04 09:23:41,560 | INFO | mt5_trader | FORCE_BUY_ONLY active — ignoring SELL signal (SELL)
2025-11-04 09:23:42,570 | INFO | mt5_trader | FORCE_BUY_ONLY active — ignoring SELL signal (SELL)
2025-11-04 09:23:43,578 | INFO | mt5_trader | FORCE_BUY_ONLY active — ignoring SELL signal (SELL)
2025-11-04 09:23:44,589 | INFO | mt5_trader | FORCE_BUY_ONLY active — ignoring SELL signal (SELL)
2025-11-04 09:23:45,595 | INFO | mt5_trader | FORCE_BUY_ONLY active — ignoring SELL signal (SELL)
2025-11-04 09:23:46,606 | INFO | mt5_trader | FORCE_BUY_ONLY active — ignoring SELL signal (SELL)
2025-11-04 09:23:47,615 | INFO | mt5_trader | FORCE_BUY_ONLY active — ignoring SELL signal (SELL)
2025-11-04 09:23:48,625 | INFO | mt5_trader | FORCE_BUY_ONLY active — ignoring SELL signal (SELL)
2025-11-04 09:23:49,632 | INFO | mt5_trader | FORCE_BUY_ONLY active — ignoring SELL signal (SELL)
2025-11-04 09:23:50,654 | INFO | mt5_trader | FORCE_BUY_ONLY active — ignoring SELL signal (SELL)
2025-11-04 09:23:51,664 | INFO | mt5_trader | FORCE_BUY_ONLY active — ignoring SELL signal (SELL)
2025-11-04 09:23:52,673 | INFO | mt5_trader | FORCE_BUY_ONLY active — ignoring SELL signal (SELL)
2025-11-04 09:23:53,682 | INFO | mt5_trader | FORCE_BUY_ONLY active — ignoring SELL signal (SELL)
2025-11-04 09:23:54,693 | INFO | mt5_trader | FORCE_BUY_ONLY active — ignoring SELL signal (SELL)
2025-11-04 09:23:55,702 | INFO | mt5_trader | FORCE_BUY_ONLY active — ignoring SELL signal (SELL)
2025-11-04 09:23:56,711 | INFO | mt5_trader | FORCE_BUY_ONLY active — ignoring SELL signal (SELL)
2025-11-04 09:23:57,718 | INFO | mt5_trader | FORCE_BUY_ONLY active — ignoring SELL signal (SELL)
2025-11-04 09:23:58,725 | INFO | mt5_trader | FORCE_BUY_ONLY active — ignoring SELL signal (SELL)
2025-11-04 09:23:59,734 | INFO | mt5_trader | FORCE_BUY_ONLY active — ignoring SELL signal (SELL)
2025-11-04 09:24:00,743 | INFO | mt5_trader | FORCE_BUY_ONLY active — ignoring SELL signal (SELL)
2025-11-04 09:24:01,773 | INFO | mt5_trader | FORCE_BUY_ONLY active — ignoring SELL signal (SELL)
2025-11-04 09:24:02,781 | INFO | mt5_trader | FORCE_BUY_ONLY active — ignoring SELL signal (SELL)
2025-11-04 09:24:03,792 | INFO | mt5_trader | FORCE_BUY_ONLY active — ignoring SELL signal (SELL)
2025-11-04 09:24:04,802 | INFO | mt5_trader | FORCE_BUY_ONLY active — ignoring SELL signal (SELL)
2025-11-04 09:24:05,811 | INFO | mt5_trader | FORCE_BUY_ONLY active — ignoring SELL signal (SELL)
2025-11-04 09:24:06,821 | INFO | mt5_trader | FORCE_BUY_ONLY active — ignoring SELL signal (SELL)
2025-11-04 09:24:07,828 | INFO | mt5_trader | FORCE_BUY_ONLY active — ignoring SELL signal (SELL)
2025-11-04 09:24:08,838 | INFO | mt5_trader | FORCE_BUY_ONLY active — ignoring SELL signal (SELL)
2025-11-04 09:24:09,850 | INFO | mt5_trader | FORCE_BUY_ONLY active — ignoring SELL signal (SELL)
2025-11-04 09:24:10,872 | INFO | mt5_trader | FORCE_BUY_ONLY active — ignoring SELL signal (SELL)
2025-11-04 09:24:11,881 | INFO | mt5_trader | FORCE_BUY_ONLY active — ignoring SELL signal (SELL)
2025-11-04 09:24:12,888 | INFO | mt5_trader | FORCE_BUY_ONLY active — ignoring SELL signal (SELL)
2025-11-04 09:24:13,898 | INFO | mt5_trader | FORCE_BUY_ONLY active — ignoring SELL signal (SELL)
2025-11-04 09:24:14,904 | INFO | mt5_trader | FORCE_BUY_ONLY active — ignoring SELL signal (SELL)
2025-11-04 09:24:15,910 | INFO | mt5_trader | FORCE_BUY_ONLY active — ignoring SELL signal (SELL)
2025-11-04 09:24:16,916 | INFO | mt5_trader | FORCE_BUY_ONLY active — ignoring SELL signal (SELL)
2025-11-04 09:24:17,933 | INFO | mt5_trader | FORCE_BUY_ONLY active — ignoring SELL signal (SELL)
2025-11-04 09:24:18,938 | INFO | mt5_trader | FORCE_BUY_ONLY active — ignoring SELL signal (SELL)
2025-11-04 09:24:19,959 | INFO | mt5_trader | FORCE_BUY_ONLY active — ignoring SELL signal (SELL)
2025-11-04 09:24:20,967 | INFO | mt5_trader | FORCE_BUY_ONLY active — ignoring SELL signal (SELL)
2025-11-04 09:24:21,976 | INFO | mt5_trader | FORCE_BUY_ONLY active — ignoring SELL signal (SELL)
2025-11-04 09:24:22,998 | INFO | mt5_trader | FORCE_BUY_ONLY active — ignoring SELL signal (SELL)
2025-11-04 09:24:24,004 | INFO | mt5_trader | FORCE_BUY_ONLY active — ignoring SELL signal (SELL)
2025-11-04 09:24:25,012 | INFO | mt5_trader | FORCE_BUY_ONLY active — ignoring SELL signal (SELL)
2025-11-04 09:24:26,022 | INFO | mt5_trader | FORCE_BUY_ONLY active — ignoring SELL signal (SELL)
2025-11-04 09:24:27,029 | INFO | mt5_trader | FORCE_BUY_ONLY active — ignoring SELL signal (SELL)
2025-11-04 09:24:28,039 | INFO | mt5_trader | FORCE_BUY_ONLY active — ignoring SELL signal (SELL)
2025-11-04 09:24:29,049 | INFO | mt5_trader | FORCE_BUY_ONLY active — ignoring SELL signal (SELL)
2025-11-04 09:24:30,061 | INFO | mt5_trader | FORCE_BUY_ONLY active — ignoring SELL signal (SELL)
2025-11-04 09:24:31,071 | INFO | mt5_trader | FORCE_BUY_ONLY active — ignoring SELL signal (SELL)
2025-11-04 09:24:32,081 | INFO | mt5_trader | FORCE_BUY_ONLY active — ignoring SELL signal (SELL)
2025-11-04 09:24:33,091 | INFO | mt5_trader | FORCE_BUY_ONLY active — ignoring SELL signal (SELL)
2025-11-04 09:24:34,097 | INFO | mt5_trader | FORCE_BUY_ONLY active — ignoring SELL signal (SELL)
2025-11-04 09:24:35,107 | INFO | mt5_trader | FORCE_BUY_ONLY active — ignoring SELL signal (SELL)
2025-11-04 09:24:36,118 | INFO | mt5_trader | FORCE_BUY_ONLY active — ignoring SELL signal (SELL)
2025-11-04 09:24:37,125 | INFO | mt5_trader | FORCE_BUY_ONLY active — ignoring SELL signal (SELL)
2025-11-04 09:24:38,154 | INFO | mt5_trader | FORCE_BUY_ONLY active — ignoring SELL signal (SELL)
2025-11-04 09:24:39,162 | INFO | mt5_trader | FORCE_BUY_ONLY active — ignoring SELL signal (SELL)
2025-11-04 09:24:40,171 | INFO | mt5_trader | FORCE_BUY_ONLY active — ignoring SELL signal (SELL)
2025-11-04 09:24:41,177 | INFO | mt5_trader | FORCE_BUY_ONLY active — ignoring SELL signal (SELL)
2025-11-04 09:24:42,187 | INFO | mt5_trader | FORCE_BUY_ONLY active — ignoring SELL signal (SELL)
2025-11-04 09:24:43,197 | INFO | mt5_trader | FORCE_BUY_ONLY active — ignoring SELL signal (SELL)
2025-11-04 09:24:44,208 | INFO | mt5_trader | FORCE_BUY_ONLY active — ignoring SELL signal (SELL)
2025-11-04 09:24:45,215 | INFO | mt5_trader | FORCE_BUY_ONLY active — ignoring SELL signal (SELL)
2025-11-04 09:24:46,234 | INFO | mt5_trader | FORCE_BUY_ONLY active — ignoring SELL signal (SELL)
2025-11-04 09:24:47,244 | INFO | mt5_trader | FORCE_BUY_ONLY active — ignoring SELL signal (SELL)
2025-11-04 09:24:48,250 | INFO | mt5_trader | FORCE_BUY_ONLY active — ignoring SELL signal (SELL)
2025-11-04 09:24:49,262 | INFO | mt5_trader | FORCE_BUY_ONLY active — ignoring SELL signal (SELL)
2025-11-04 09:24:50,271 | INFO | mt5_trader | FORCE_BUY_ONLY active — ignoring SELL signal (SELL)
2025-11-04 09:24:51,277 | INFO | mt5_trader | FORCE_BUY_ONLY active — ignoring SELL signal (SELL)
2025-11-04 09:24:52,283 | INFO | mt5_trader | FORCE_BUY_ONLY active — ignoring SELL signal (SELL)
2025-11-04 09:24:53,294 | INFO | mt5_trader | FORCE_BUY_ONLY active — ignoring SELL signal (SELL)
2025-11-04 09:24:54,304 | INFO | mt5_trader | FORCE_BUY_ONLY active — ignoring SELL signal (SELL)
2025-11-04 09:24:55,316 | INFO | mt5_trader | FORCE_BUY_ONLY active — ignoring SELL signal (SELL)
2025-11-04 09:24:56,327 | INFO | mt5_trader | FORCE_BUY_ONLY active — ignoring SELL signal (SELL)
2025-11-04 09:24:57,333 | INFO | mt5_trader | FORCE_BUY_ONLY active — ignoring SELL signal (SELL)
2025-11-04 09:24:58,343 | INFO | mt5_trader | FORCE_BUY_ONLY active — ignoring SELL signal (SELL)
2025-11-04 09:24:59,365 | INFO | mt5_trader | FORCE_BUY_ONLY active — ignoring SELL signal (SELL)
2025-11-04 09:25:00,387 | INFO | mt5_trader | FORCE_BUY_ONLY active — ignoring SELL signal (SELL)
2025-11-04 09:25:01,398 | INFO | mt5_trader | FORCE_BUY_ONLY active — ignoring SELL signal (SELL)
2025-11-04 09:25:02,406 | INFO | mt5_trader | FORCE_BUY_ONLY active — ignoring SELL signal (SELL)
2025-11-04 09:25:03,414 | INFO | mt5_trader | FORCE_BUY_ONLY active — ignoring SELL signal (SELL)
2025-11-04 09:25:04,420 | INFO | mt5_trader | FORCE_BUY_ONLY active — ignoring SELL signal (SELL)
2025-11-04 09:25:05,427 | INFO | mt5_trader | FORCE_BUY_ONLY active — ignoring SELL signal (SELL)
2025-11-04 09:25:06,438 | INFO | mt5_trader | FORCE_BUY_ONLY active — ignoring SELL signal (SELL)
2025-11-04 09:25:07,460 | INFO | mt5_trader | FORCE_BUY_ONLY active — ignoring SELL signal (SELL)
2025-11-04 09:25:08,468 | INFO | mt5_trader | FORCE_BUY_ONLY active — ignoring SELL signal (SELL)
2025-11-04 09:25:09,487 | INFO | mt5_trader | FORCE_BUY_ONLY active — ignoring SELL signal (SELL)
2025-11-04 09:25:10,494 | INFO | mt5_trader | FORCE_BUY_ONLY active — ignoring SELL signal (SELL)
2025-11-04 09:25:11,505 | INFO | mt5_trader | FORCE_BUY_ONLY active — ignoring SELL signal (SELL)
2025-11-04 09:25:12,527 | INFO | mt5_trader | FORCE_BUY_ONLY active — ignoring SELL signal (SELL)
2025-11-04 09:25:13,536 | INFO | mt5_trader | FORCE_BUY_ONLY active — ignoring SELL signal (SELL)
2025-11-04 09:25:14,558 | INFO | mt5_trader | FORCE_BUY_ONLY active — ignoring SELL signal (SELL)
2025-11-04 09:25:15,568 | INFO | mt5_trader | FORCE_BUY_ONLY active — ignoring SELL signal (SELL)
2025-11-04 09:25:16,578 | INFO | mt5_trader | FORCE_BUY_ONLY active — ignoring SELL signal (SELL)
2025-11-04 09:25:17,586 | INFO | mt5_trader | No valid strategy signal at 2025-11-04 02:25:00 (M5=NONE)
2025-11-04 09:25:40,782 | INFO | mt5_trader | FORCE_BUY_ONLY active — ignoring SELL signal (SELL)
2025-11-04 09:25:47,836 | INFO | mt5_trader | No valid strategy signal at 2025-11-04 02:25:00 (M5=NONE)
2025-11-04 09:26:18,111 | INFO | mt5_trader | No valid strategy signal at 2025-11-04 02:25:00 (M5=NONE)
2025-11-04 09:26:48,444 | INFO | mt5_trader | No valid strategy signal at 2025-11-04 02:25:00 (M5=NONE)
2025-11-04 09:27:01,553 | INFO | mt5_trader | 🔌 Disconnected from MT5
2025-11-04 09:27:04,573 | INFO | mt5_trader | ✅ Connected to MT5
2025-11-04 09:27:04,574 | INFO | mt5_trader | 📊 Account: 206523111
2025-11-04 09:27:04,574 | INFO | mt5_trader | 💰 Balance: $143.74
2025-11-04 09:27:04,574 | INFO | mt5_trader | 📈 Equity: $143.74
2025-11-04 09:27:04,574 | INFO | mt5_trader | 🌐 Server: Exness-MT5Trial7
2025-11-04 09:27:04,582 | INFO | mt5_trader | No valid strategy signal at 2025-11-04 02:25:00 (M5=NONE)
2025-11-04 09:27:34,860 | INFO | mt5_trader | No valid strategy signal at 2025-11-04 02:25:00 (M5=NONE)
2025-11-04 09:28:05,170 | INFO | mt5_trader | No valid strategy signal at 2025-11-04 02:25:00 (M5=NONE)
2025-11-04 09:28:35,463 | INFO | mt5_trader | No valid strategy signal at 2025-11-04 02:25:00 (M5=NONE)
2025-11-04 09:29:05,774 | INFO | mt5_trader | No valid strategy signal at 2025-11-04 02:25:00 (M5=NONE)
2025-11-04 09:29:36,069 | INFO | mt5_trader | No valid strategy signal at 2025-11-04 02:25:00 (M5=NONE)
2025-11-04 09:30:06,346 | INFO | mt5_trader | No valid strategy signal at 2025-11-04 02:30:00 (M5=NONE)
2025-11-04 09:30:36,612 | INFO | mt5_trader | No valid strategy signal at 2025-11-04 02:30:00 (M5=NONE)
2025-11-04 09:31:06,869 | INFO | mt5_trader | No valid strategy signal at 2025-11-04 02:30:00 (M5=NONE)
2025-11-04 09:31:37,170 | INFO | mt5_trader | No valid strategy signal at 2025-11-04 02:30:00 (M5=NONE)
2025-11-04 09:32:07,449 | INFO | mt5_trader | No valid strategy signal at 2025-11-04 02:30:00 (M5=NONE)
2025-11-04 09:32:37,763 | INFO | mt5_trader | No valid strategy signal at 2025-11-04 02:30:00 (M5=NONE)
2025-11-04 09:33:08,053 | INFO | mt5_trader | No valid strategy signal at 2025-11-04 02:30:00 (M5=NONE)
2025-11-04 09:33:38,345 | INFO | mt5_trader | No valid strategy signal at 2025-11-04 02:30:00 (M5=NONE)
2025-11-04 09:34:08,633 | INFO | mt5_trader | No valid strategy signal at 2025-11-04 02:30:00 (M5=NONE)
2025-11-04 09:34:38,886 | INFO | mt5_trader | No valid strategy signal at 2025-11-04 02:30:00 (M5=NONE)
2025-11-04 09:35:09,169 | INFO | mt5_trader | No valid strategy signal at 2025-11-04 02:35:00 (M5=NONE)
2025-11-04 09:35:39,458 | INFO | mt5_trader | No valid strategy signal at 2025-11-04 02:35:00 (M5=NONE)
2025-11-04 09:36:09,758 | INFO | mt5_trader | No valid strategy signal at 2025-11-04 02:35:00 (M5=NONE)
2025-11-04 09:36:40,037 | INFO | mt5_trader | No valid strategy signal at 2025-11-04 02:35:00 (M5=NONE)
2025-11-04 09:37:10,321 | INFO | mt5_trader | No valid strategy signal at 2025-11-04 02:35:00 (M5=NONE)
2025-11-04 09:37:40,608 | INFO | mt5_trader | No valid strategy signal at 2025-11-04 02:35:00 (M5=NONE)
2025-11-04 09:38:10,883 | INFO | mt5_trader | No valid strategy signal at 2025-11-04 02:35:00 (M5=NONE)
2025-11-04 09:38:41,167 | INFO | mt5_trader | No valid strategy signal at 2025-11-04 02:35:00 (M5=NONE)
2025-11-04 09:39:11,459 | INFO | mt5_trader | No valid strategy signal at 2025-11-04 02:35:00 (M5=NONE)
2025-11-04 09:39:33,851 | INFO | mt5_trader | 🔌 Disconnected from MT5
2025-11-04 09:41:04,446 | INFO | mt5_trader | ✅ Connected to MT5
2025-11-04 09:41:04,446 | INFO | mt5_trader | 📊 Account: 206523111
2025-11-04 09:41:04,446 | INFO | mt5_trader | 💰 Balance: $143.74
2025-11-04 09:41:04,446 | INFO | mt5_trader | 📈 Equity: $143.74
2025-11-04 09:41:04,446 | INFO | mt5_trader | 🌐 Server: Exness-MT5Trial7
2025-11-04 09:41:04,454 | INFO | mt5_trader | No valid strategy signal at 2025-11-04 02:40:00 (M5=NONE)
2025-11-04 09:41:19,224 | INFO | mt5_trader | 🔌 Disconnected from MT5
2025-11-04 09:41:30,027 | INFO | mt5_trader | ✅ Connected to MT5
2025-11-04 09:41:30,027 | INFO | mt5_trader | 📊 Account: 206523111
2025-11-04 09:41:30,027 | INFO | mt5_trader | 💰 Balance: $143.74
2025-11-04 09:41:30,027 | INFO | mt5_trader | 📈 Equity: $143.74
2025-11-04 09:41:30,027 | INFO | mt5_trader | 🌐 Server: Exness-MT5Trial7
2025-11-04 09:41:30,035 | INFO | mt5_trader | No valid strategy signal at 2025-11-04 02:40:00 (M5=NONE)
2025-11-04 09:41:35,385 | INFO | mt5_trader | 🔌 Disconnected from MT5
2025-11-04 09:41:42,324 | INFO | mt5_trader | ✅ Connected to MT5
2025-11-04 09:41:42,324 | INFO | mt5_trader | 📊 Account: 206523111
2025-11-04 09:41:42,324 | INFO | mt5_trader | 💰 Balance: $143.74
2025-11-04 09:41:42,324 | INFO | mt5_trader | 📈 Equity: $143.74
2025-11-04 09:41:42,324 | INFO | mt5_trader | 🌐 Server: Exness-MT5Trial7
2025-11-04 09:41:42,332 | INFO | mt5_trader | No valid strategy signal at 2025-11-04 02:40:00 (M5=NONE)
2025-11-04 09:41:49,912 | INFO | mt5_trader | 🔌 Disconnected from MT5
2025-11-04 09:57:49,485 | INFO | mt5_trader | ✅ Connected to MT5
2025-11-04 09:57:49,486 | INFO | mt5_trader | 📊 Account: 206523111
2025-11-04 09:57:49,486 | INFO | mt5_trader | 💰 Balance: $143.74
2025-11-04 09:57:49,486 | INFO | mt5_trader | 📈 Equity: $143.74
2025-11-04 09:57:49,486 | INFO | mt5_trader | 🌐 Server: Exness-MT5Trial7
2025-11-04 09:57:49,494 | INFO | mt5_trader | No valid strategy signal at 2025-11-04 02:55:00 (M5=NONE)
2025-11-04 09:58:19,731 | INFO | mt5_trader | No valid strategy signal at 2025-11-04 02:55:00 (M5=NONE)
2025-11-04 09:58:50,013 | INFO | mt5_trader | No valid strategy signal at 2025-11-04 02:55:00 (M5=NONE)
2025-11-04 09:59:20,295 | INFO | mt5_trader | No valid strategy signal at 2025-11-04 02:55:00 (M5=NONE)
2025-11-04 09:59:50,566 | INFO | mt5_trader | No valid strategy signal at 2025-11-04 02:55:00 (M5=NONE)
2025-11-04 10:00:20,841 | INFO | mt5_trader | No valid strategy signal at 2025-11-04 03:00:00 (M5=NONE)
2025-11-04 10:00:51,176 | INFO | mt5_trader | No valid strategy signal at 2025-11-04 03:00:00 (M5=NONE)
2025-11-04 10:01:21,491 | INFO | mt5_trader | No valid strategy signal at 2025-11-04 03:00:00 (M5=NONE)
2025-11-04 10:01:51,783 | INFO | mt5_trader | No valid strategy signal at 2025-11-04 03:00:00 (M5=NONE)
2025-11-04 10:02:22,047 | INFO | mt5_trader | No valid strategy signal at 2025-11-04 03:00:00 (M5=NONE)
2025-11-04 10:02:52,395 | INFO | mt5_trader | No valid strategy signal at 2025-11-04 03:00:00 (M5=NONE)
2025-11-04 10:03:22,655 | INFO | mt5_trader | No valid strategy signal at 2025-11-04 03:00:00 (M5=NONE)
2025-11-04 10:03:53,017 | INFO | mt5_trader | No valid strategy signal at 2025-11-04 03:00:00 (M5=NONE)
2025-11-04 10:04:23,341 | INFO | mt5_trader | No valid strategy signal at 2025-11-04 03:00:00 (M5=NONE)
2025-11-04 10:04:49,640 | INFO | mt5_trader | 🔌 Disconnected from MT5
2025-11-04 10:07:35,910 | INFO | mt5_trader | ✅ Connected to MT5
2025-11-04 10:07:35,910 | INFO | mt5_trader | 📊 Account: 206523111
2025-11-04 10:07:35,910 | INFO | mt5_trader | 💰 Balance: $300.00
2025-11-04 10:07:35,911 | INFO | mt5_trader | 📈 Equity: $300.00
2025-11-04 10:07:35,911 | INFO | mt5_trader | 🌐 Server: Exness-MT5Trial7
2025-11-04 10:07:35,918 | INFO | mt5_trader | No valid strategy signal at 2025-11-04 03:05:00 (M5=NONE)
2025-11-04 10:08:06,157 | INFO | mt5_trader | No valid strategy signal at 2025-11-04 03:05:00 (M5=NONE)
2025-11-04 10:08:14,224 | INFO | mt5_trader | 🔌 Disconnected from MT5
2025-11-04 10:10:08,799 | INFO | mt5_trader | ✅ Connected to MT5
2025-11-04 10:10:08,799 | INFO | mt5_trader | 📊 Account: 206523111
2025-11-04 10:10:08,799 | INFO | mt5_trader | 💰 Balance: $300.00
2025-11-04 10:10:08,800 | INFO | mt5_trader | 📈 Equity: $300.00
2025-11-04 10:10:08,800 | INFO | mt5_trader | 🌐 Server: Exness-MT5Trial7
2025-11-04 10:10:08,808 | INFO | mt5_trader | No valid strategy signal at 2025-11-04 03:10:00 (M5=NONE)
2025-11-04 10:10:12,553 | INFO | mt5_trader | 🔌 Disconnected from MT5
2025-11-04 10:10:40,738 | INFO | mt5_trader | ✅ Connected to MT5
2025-11-04 10:10:40,738 | INFO | mt5_trader | 📊 Account: 206523111
2025-11-04 10:10:40,738 | INFO | mt5_trader | 💰 Balance: $300.00
2025-11-04 10:10:40,738 | INFO | mt5_trader | 📈 Equity: $300.00
2025-11-04 10:10:40,739 | INFO | mt5_trader | 🌐 Server: Exness-MT5Trial7
2025-11-04 10:10:40,746 | INFO | mt5_trader | No valid strategy signal at 2025-11-04 03:10:00 (M5=NONE)
2025-11-04 10:11:10,962 | INFO | mt5_trader | No valid strategy signal at 2025-11-04 03:10:00 (M5=NONE)
2025-11-04 10:11:31,936 | INFO | mt5_trader | 🔌 Disconnected from MT5
2025-11-04 10:21:54,501 | INFO | mt5_trader | ✅ Connected to MT5
2025-11-04 10:21:54,501 | INFO | mt5_trader | 📊 Account: 206523111
2025-11-04 10:21:54,501 | INFO | mt5_trader | 💰 Balance: $300.00
2025-11-04 10:21:54,501 | INFO | mt5_trader | 📈 Equity: $300.00
2025-11-04 10:21:54,501 | INFO | mt5_trader | 🌐 Server: Exness-MT5Trial7
2025-11-04 10:21:54,514 | INFO | mt5_trader | No valid strategy signal at 2025-11-04 03:20:00 (M5=NONE)
2025-11-04 10:22:24,715 | INFO | mt5_trader | No valid strategy signal at 2025-11-04 03:20:00 (M5=NONE)
2025-11-04 10:22:36,641 | INFO | mt5_trader | 🔌 Disconnected from MT5
2025-11-04 10:22:39,325 | INFO | mt5_trader | ✅ Connected to MT5
2025-11-04 10:22:39,325 | INFO | mt5_trader | 📊 Account: 206523111
2025-11-04 10:22:39,325 | INFO | mt5_trader | 💰 Balance: $300.00
2025-11-04 10:22:39,325 | INFO | mt5_trader | 📈 Equity: $300.00
2025-11-04 10:22:39,326 | INFO | mt5_trader | 🌐 Server: Exness-MT5Trial7
2025-11-04 10:22:39,338 | INFO | mt5_trader | No valid strategy signal at 2025-11-04 03:20:00 (M5=NONE)
2025-11-04 10:22:45,514 | INFO | mt5_trader | 🔌 Disconnected from MT5
2025-11-04 10:22:47,557 | INFO | mt5_trader | ✅ Connected to MT5
2025-11-04 10:22:47,557 | INFO | mt5_trader | 📊 Account: 206523111
2025-11-04 10:22:47,557 | INFO | mt5_trader | 💰 Balance: $300.00
2025-11-04 10:22:47,557 | INFO | mt5_trader | 📈 Equity: $300.00
2025-11-04 10:22:47,558 | INFO | mt5_trader | 🌐 Server: Exness-MT5Trial7
2025-11-04 10:22:47,570 | INFO | mt5_trader | No valid strategy signal at 2025-11-04 03:20:00 (M5=NONE)
2025-11-04 10:23:17,776 | INFO | mt5_trader | No valid strategy signal at 2025-11-04 03:20:00 (M5=NONE)
